2026-01-08 09:08:08 - SQL Query:  SELECT er.id as idRua, er.logradouro, er.numero, er.complemento, er.cep, eb.id as idBairro, eb.nomeBairro as bairro, ec.id as idCidade, ec.nomeCidade as cidade, ec.uf FROM enderecoRuas er JOIN enderecoBairros eb ON er.idBairro = eb.id JOIN enderecoCidades ec ON er.idCidade = ec.id WHERE er.logradouro LIKE :searchTerm OR eb.nomeBairro LIKE :searchTerm OR ec.nomeCidade LIKE :searchTerm OR ec.uf LIKE :searchTerm LIMIT 20 
2026-01-08 09:08:08 - Bound Param: :searchTerm = %jose%
2026-01-08 09:08:08 - PDOException: SQLSTATE[42S22]: Column not found: 1054 Unknown column 'er.numero' in 'field list'
2026-01-08 09:08:10 - SQL Query:  SELECT er.id as idRua, er.logradouro, er.numero, er.complemento, er.cep, eb.id as idBairro, eb.nomeBairro as bairro, ec.id as idCidade, ec.nomeCidade as cidade, ec.uf FROM enderecoRuas er JOIN enderecoBairros eb ON er.idBairro = eb.id JOIN enderecoCidades ec ON er.idCidade = ec.id WHERE er.logradouro LIKE :searchTerm OR eb.nomeBairro LIKE :searchTerm OR ec.nomeCidade LIKE :searchTerm OR ec.uf LIKE :searchTerm LIMIT 20 
2026-01-08 09:08:10 - Bound Param: :searchTerm = %jose%
2026-01-08 09:08:10 - PDOException: SQLSTATE[42S22]: Column not found: 1054 Unknown column 'er.numero' in 'field list'
2026-01-08 09:08:12 - SQL Query:  SELECT er.id as idRua, er.logradouro, er.numero, er.complemento, er.cep, eb.id as idBairro, eb.nomeBairro as bairro, ec.id as idCidade, ec.nomeCidade as cidade, ec.uf FROM enderecoRuas er JOIN enderecoBairros eb ON er.idBairro = eb.id JOIN enderecoCidades ec ON er.idCidade = ec.id WHERE er.logradouro LIKE :searchTerm OR eb.nomeBairro LIKE :searchTerm OR ec.nomeCidade LIKE :searchTerm OR ec.uf LIKE :searchTerm LIMIT 20 
2026-01-08 09:08:12 - Bound Param: :searchTerm = %jose%
2026-01-08 09:08:12 - PDOException: SQLSTATE[42S22]: Column not found: 1054 Unknown column 'er.numero' in 'field list'
2026-01-08 09:10:02 - SQL Query:  SELECT er.id as idRua, er.logradouro, er.numero, er.complemento, er.cep, eb.id as idBairro, eb.nomeBairro as bairro, ec.id as idCidade, ec.nomeCidade as cidade, ec.uf FROM enderecoRuas er JOIN enderecoBairros eb ON er.idBairro = eb.id JOIN enderecoCidades ec ON er.idCidade = ec.id WHERE er.logradouro LIKE :searchTerm OR eb.nomeBairro LIKE :searchTerm OR ec.nomeCidade LIKE :searchTerm OR ec.uf LIKE :searchTerm LIMIT 20 
2026-01-08 09:10:02 - Bound Param: :searchTerm = %jose%
2026-01-08 09:10:02 - PDOException: SQLSTATE[42S22]: Column not found: 1054 Unknown column 'er.numero' in 'field list'
2026-01-08 09:14:11 - SQL Query:  SELECT er.id as idRua, er.logradouro, er.numero, er.complemento, er.cep, eb.id as idBairro, eb.nomeBairro as bairro, ec.id as idCidade, ec.nomeCidade as cidade, ec.uf FROM enderecoRuas er JOIN enderecoBairros eb ON er.idBairro = eb.id JOIN enderecoCidades ec ON er.idCidade = ec.id WHERE (er.logradouro LIKE :term0 OR eb.nomeBairro LIKE :term0 OR ec.nomeCidade LIKE :term0 OR ec.uf LIKE :term0) LIMIT 20 
2026-01-08 09:14:11 - Bound Params: {":term0":"%jose%"}
2026-01-08 09:14:11 - PDOException: SQLSTATE[42S22]: Column not found: 1054 Unknown column 'er.numero' in 'field list'
2026-01-08 09:18:15 - SQL Query:  SELECT er.id as idRua, er.logradouro, er.numero, er.complemento, er.cep, eb.id as idBairro, eb.nomeBairro as bairro, ec.id as idCidade, ec.nomeCidade as cidade, ec.uf FROM enderecoRuas er JOIN enderecoBairros eb ON er.idBairro = eb.id JOIN enderecoCidades ec ON er.idCidade = ec.id WHERE (er.logradouro LIKE :term0 OR eb.nomeBairro LIKE :term0 OR ec.nomeCidade LIKE :term0 OR ec.uf LIKE :term0) LIMIT 20 
2026-01-08 09:18:15 - Bound Params: {":term0":"%joa%"}
2026-01-08 09:18:15 - PDOException: SQLSTATE[42S22]: Column not found: 1054 Unknown column 'er.numero' in 'field list'
2026-01-08 09:18:19 - SQL Query:  SELECT er.id as idRua, er.logradouro, er.numero, er.complemento, er.cep, eb.id as idBairro, eb.nomeBairro as bairro, ec.id as idCidade, ec.nomeCidade as cidade, ec.uf FROM enderecoRuas er JOIN enderecoBairros eb ON er.idBairro = eb.id JOIN enderecoCidades ec ON er.idCidade = ec.id WHERE (er.logradouro LIKE :term0 OR eb.nomeBairro LIKE :term0 OR ec.nomeCidade LIKE :term0 OR ec.uf LIKE :term0) LIMIT 20 
2026-01-08 09:18:19 - Bound Params: {":term0":"%joaa%"}
2026-01-08 09:18:19 - PDOException: SQLSTATE[42S22]: Column not found: 1054 Unknown column 'er.numero' in 'field list'
2026-01-08 09:18:25 - SQL Query:  SELECT er.id as idRua, er.logradouro, er.numero, er.complemento, er.cep, eb.id as idBairro, eb.nomeBairro as bairro, ec.id as idCidade, ec.nomeCidade as cidade, ec.uf FROM enderecoRuas er JOIN enderecoBairros eb ON er.idBairro = eb.id JOIN enderecoCidades ec ON er.idCidade = ec.id WHERE (er.logradouro LIKE :term0 OR eb.nomeBairro LIKE :term0 OR ec.nomeCidade LIKE :term0 OR ec.uf LIKE :term0) LIMIT 20 
2026-01-08 09:18:25 - Bound Params: {":term0":"%joaaaman%"}
2026-01-08 09:18:25 - PDOException: SQLSTATE[42S22]: Column not found: 1054 Unknown column 'er.numero' in 'field list'
2026-01-08 09:18:30 - SQL Query:  SELECT er.id as idRua, er.logradouro, er.numero, er.complemento, er.cep, eb.id as idBairro, eb.nomeBairro as bairro, ec.id as idCidade, ec.nomeCidade as cidade, ec.uf FROM enderecoRuas er JOIN enderecoBairros eb ON er.idBairro = eb.id JOIN enderecoCidades ec ON er.idCidade = ec.id WHERE (er.logradouro LIKE :term0 OR eb.nomeBairro LIKE :term0 OR ec.nomeCidade LIKE :term0 OR ec.uf LIKE :term0) LIMIT 20 
2026-01-08 09:18:30 - Bound Params: {":term0":"%cen%"}
2026-01-08 09:18:30 - PDOException: SQLSTATE[42S22]: Column not found: 1054 Unknown column 'er.numero' in 'field list'
2026-01-08 09:18:34 - SQL Query:  SELECT er.id as idRua, er.logradouro, er.numero, er.complemento, er.cep, eb.id as idBairro, eb.nomeBairro as bairro, ec.id as idCidade, ec.nomeCidade as cidade, ec.uf FROM enderecoRuas er JOIN enderecoBairros eb ON er.idBairro = eb.id JOIN enderecoCidades ec ON er.idCidade = ec.id WHERE (er.logradouro LIKE :term0 OR eb.nomeBairro LIKE :term0 OR ec.nomeCidade LIKE :term0 OR ec.uf LIKE :term0) LIMIT 20 
2026-01-08 09:18:34 - Bound Params: {":term0":"%cena%"}
2026-01-08 09:18:34 - PDOException: SQLSTATE[42S22]: Column not found: 1054 Unknown column 'er.numero' in 'field list'
2026-01-08 09:18:54 - SQL Query:  SELECT er.id as idRua, er.logradouro, er.numero, er.complemento, er.cep, eb.id as idBairro, eb.nomeBairro as bairro, ec.id as idCidade, ec.nomeCidade as cidade, ec.uf FROM enderecoRuas er JOIN enderecoBairros eb ON er.idBairro = eb.id JOIN enderecoCidades ec ON er.idCidade = ec.id WHERE (er.logradouro LIKE :term0 OR eb.nomeBairro LIKE :term0 OR ec.nomeCidade LIKE :term0 OR ec.uf LIKE :term0) LIMIT 20 
2026-01-08 09:18:54 - Bound Params: {":term0":"%cenama%"}
2026-01-08 09:18:54 - PDOException: SQLSTATE[42S22]: Column not found: 1054 Unknown column 'er.numero' in 'field list'
2026-01-08 09:18:59 - SQL Query:  SELECT er.id as idRua, er.logradouro, er.numero, er.complemento, er.cep, eb.id as idBairro, eb.nomeBairro as bairro, ec.id as idCidade, ec.nomeCidade as cidade, ec.uf FROM enderecoRuas er JOIN enderecoBairros eb ON er.idBairro = eb.id JOIN enderecoCidades ec ON er.idCidade = ec.id WHERE (er.logradouro LIKE :term0 OR eb.nomeBairro LIKE :term0 OR ec.nomeCidade LIKE :term0 OR ec.uf LIKE :term0) LIMIT 20 
2026-01-08 09:18:59 - Bound Params: {":term0":"%cenamamajor%"}
2026-01-08 09:18:59 - PDOException: SQLSTATE[42S22]: Column not found: 1054 Unknown column 'er.numero' in 'field list'
2026-01-08 09:20:51 - SQL Query:  SELECT er.id as idRua, er.logradouro, er.cep, eb.id as idBairro, eb.nomeBairro as bairro, ec.id as idCidade, ec.nomeCidade as cidade, ec.uf FROM enderecoRuas er JOIN enderecoBairros eb ON er.idBairro = eb.id JOIN enderecoCidades ec ON er.idCidade = ec.id WHERE (er.logradouro LIKE :term0 OR eb.nomeBairro LIKE :term0 OR ec.nomeCidade LIKE :term0 OR ec.uf LIKE :term0) LIMIT 20 
2026-01-08 09:20:51 - Bound Params: {":term0":"%rua%"}
2026-01-08 09:20:51 - PDOException: SQLSTATE[42S22]: Column not found: 1054 Unknown column 'er.cep' in 'field list'
2026-01-08 09:20:56 - SQL Query:  SELECT er.id as idRua, er.logradouro, er.cep, eb.id as idBairro, eb.nomeBairro as bairro, ec.id as idCidade, ec.nomeCidade as cidade, ec.uf FROM enderecoRuas er JOIN enderecoBairros eb ON er.idBairro = eb.id JOIN enderecoCidades ec ON er.idCidade = ec.id WHERE (er.logradouro LIKE :term0 OR eb.nomeBairro LIKE :term0 OR ec.nomeCidade LIKE :term0 OR ec.uf LIKE :term0) LIMIT 20 
2026-01-08 09:20:56 - Bound Params: {":term0":"%major%"}
2026-01-08 09:20:56 - PDOException: SQLSTATE[42S22]: Column not found: 1054 Unknown column 'er.cep' in 'field list'
2026-01-08 09:20:59 - SQL Query:  SELECT er.id as idRua, er.logradouro, er.cep, eb.id as idBairro, eb.nomeBairro as bairro, ec.id as idCidade, ec.nomeCidade as cidade, ec.uf FROM enderecoRuas er JOIN enderecoBairros eb ON er.idBairro = eb.id JOIN enderecoCidades ec ON er.idCidade = ec.id WHERE (er.logradouro LIKE :term0 OR eb.nomeBairro LIKE :term0 OR ec.nomeCidade LIKE :term0 OR ec.uf LIKE :term0) LIMIT 20 
2026-01-08 09:20:59 - Bound Params: {":term0":"%majora%"}
2026-01-08 09:20:59 - PDOException: SQLSTATE[42S22]: Column not found: 1054 Unknown column 'er.cep' in 'field list'
2026-01-08 09:23:48 - SQL Query (Interpolated):  SELECT er.id as idRua, er.logradouro, er.cep, eb.id as idBairro, eb.nomeBairro as bairro, ec.id as idCidade, ec.nomeCidade as cidade, ec.uf FROM enderecoRuas er JOIN enderecoBairros eb ON er.idBairro = eb.id JOIN enderecoCidades ec ON er.idCidade = ec.id WHERE (er.logradouro LIKE '%major%' OR eb.nomeBairro LIKE '%major%' OR ec.nomeCidade LIKE '%major%' OR ec.uf LIKE '%major%') LIMIT 20 
2026-01-08 09:23:48 - Bound Params: {":term0":"%major%"}
2026-01-08 09:23:48 - PDOException: SQLSTATE[42S22]: Column not found: 1054 Unknown column 'er.cep' in 'field list'
2026-01-08 09:25:05 - SQL Query (Interpolated):  SELECT er.id as idRua, er.logradouro, er.cep, eb.id as idBairro, eb.nomeBairro as bairro, ec.id as idCidade, ec.nomeCidade as cidade, ec.uf FROM enderecoRuas er JOIN enderecoBairros eb ON er.idBairro = eb.id JOIN enderecoCidades ec ON er.idCidade = ec.id WHERE (er.logradouro LIKE '%major%' OR eb.nomeBairro LIKE '%major%' OR ec.nomeCidade LIKE '%major%' OR ec.uf LIKE '%major%') LIMIT 20 
2026-01-08 09:25:05 - Bound Params: {":term0":"%major%"}
2026-01-08 09:25:05 - PDOException: SQLSTATE[42S22]: Column not found: 1054 Unknown column 'er.cep' in 'field list'
2026-01-08 09:25:17 - SQL Query (Interpolated):  SELECT er.id as idRua, er.logradouro, er.cep, eb.id as idBairro, eb.nomeBairro as bairro, ec.id as idCidade, ec.nomeCidade as cidade, ec.uf FROM enderecoRuas er JOIN enderecoBairros eb ON er.idBairro = eb.id JOIN enderecoCidades ec ON er.idCidade = ec.id WHERE (er.logradouro LIKE '%majmajor%' OR eb.nomeBairro LIKE '%majmajor%' OR ec.nomeCidade LIKE '%majmajor%' OR ec.uf LIKE '%majmajor%') LIMIT 20 
2026-01-08 09:25:17 - Bound Params: {":term0":"%majmajor%"}
2026-01-08 09:25:17 - PDOException: SQLSTATE[42S22]: Column not found: 1054 Unknown column 'er.cep' in 'field list'
2026-01-08 09:28:12 - SQL Query (Interpolated):  SELECT er.id as idRua, er.logradouro, -- NOTE: er.numero, er.complemento, and er.cep were removed from this SELECT statement -- because they do not exist in the 'enderecoRuas' table and were causing SQL errors. -- These fields are typically associated with a specific address instance, not the street definition. eb.id as idBairro, eb.nomeBairro as bairro, ec.id as idCidade, ec.nomeCidade as cidade, ec.uf FROM enderecoRuas er JOIN enderecoBairros eb ON er.idBairro = eb.id JOIN enderecoCidades ec ON er.idCidade = ec.id WHERE (er.logradouro LIKE '%major%' OR eb.nomeBairro LIKE '%major%' OR ec.nomeCidade LIKE '%major%' OR ec.uf LIKE '%major%') LIMIT 20 
2026-01-08 09:28:12 - Bound Params: {":term0":"%major%"}
2026-01-08 09:28:12 - PDOException: SQLSTATE[HY093]: Invalid parameter number
2026-01-08 09:28:24 - SQL Query (Interpolated):  SELECT er.id as idRua, er.logradouro, -- NOTE: er.numero, er.complemento, and er.cep were removed from this SELECT statement -- because they do not exist in the 'enderecoRuas' table and were causing SQL errors. -- These fields are typically associated with a specific address instance, not the street definition. eb.id as idBairro, eb.nomeBairro as bairro, ec.id as idCidade, ec.nomeCidade as cidade, ec.uf FROM enderecoRuas er JOIN enderecoBairros eb ON er.idBairro = eb.id JOIN enderecoCidades ec ON er.idCidade = ec.id WHERE (er.logradouro LIKE '%majormajor%' OR eb.nomeBairro LIKE '%majormajor%' OR ec.nomeCidade LIKE '%majormajor%' OR ec.uf LIKE '%majormajor%') LIMIT 20 
2026-01-08 09:28:24 - Bound Params: {":term0":"%majormajor%"}
2026-01-08 09:28:24 - PDOException: SQLSTATE[HY093]: Invalid parameter number
2026-01-08 09:29:19 - SQL Query (Interpolated):  SELECT er.id as idRua, er.logradouro, -- NOTE: er.numero, er.complemento, and er.cep were removed from this SELECT statement -- because they do not exist in the 'enderecoRuas' table and were causing SQL errors. -- These fields are typically associated with a specific address instance, not the street definition. eb.id as idBairro, eb.nomeBairro as bairro, ec.id as idCidade, ec.nomeCidade as cidade, ec.uf FROM enderecoRuas er JOIN enderecoBairros eb ON er.idBairro = eb.id JOIN enderecoCidades ec ON er.idCidade = ec.id WHERE (er.logradouro LIKE '%major%' OR eb.nomeBairro LIKE '%major%' OR ec.nomeCidade LIKE '%major%' OR ec.uf LIKE '%major%') LIMIT 20 
2026-01-08 09:29:19 - Bound Params: {":term0":"%major%"}
2026-01-08 09:29:19 - PDOException: SQLSTATE[HY093]: Invalid parameter number
2026-01-08 09:29:33 - SQL Query (Interpolated):  SELECT er.id as idRua, er.logradouro, -- NOTE: er.numero, er.complemento, and er.cep were removed from this SELECT statement -- because they do not exist in the 'enderecoRuas' table and were causing SQL errors. -- These fields are typically associated with a specific address instance, not the street definition. eb.id as idBairro, eb.nomeBairro as bairro, ec.id as idCidade, ec.nomeCidade as cidade, ec.uf FROM enderecoRuas er JOIN enderecoBairros eb ON er.idBairro = eb.id JOIN enderecoCidades ec ON er.idCidade = ec.id WHERE (er.logradouro LIKE '%major%' OR eb.nomeBairro LIKE '%major%' OR ec.nomeCidade LIKE '%major%' OR ec.uf LIKE '%major%') AND (er.logradouro LIKE '%major%' OR eb.nomeBairro LIKE '%major%' OR ec.nomeCidade LIKE '%major%' OR ec.uf LIKE '%major%') LIMIT 20 
2026-01-08 09:29:33 - Bound Params: {":term0":"%major%",":term1":"%major%"}
2026-01-08 09:29:34 - PDOException: SQLSTATE[HY093]: Invalid parameter number
2026-01-08 09:30:57 - SQL Query (Interpolated):  SELECT er.id as idRua, er.logradouro, -- NOTE: er.numero, er.complemento, and er.cep were removed from this SELECT statement -- because they do not exist in the 'enderecoRuas' table and were causing SQL errors. -- These fields are typically associated with a specific address instance, not the street definition. eb.id as idBairro, eb.nomeBairro as bairro, ec.id as idCidade, ec.nomeCidade as cidade, ec.uf FROM enderecoRuas er JOIN enderecoBairros eb ON er.idBairro = eb.id JOIN enderecoCidades ec ON er.idCidade = ec.id WHERE (er.logradouro LIKE '%major%' OR eb.nomeBairro LIKE '%major%' OR ec.nomeCidade LIKE '%major%' OR ec.uf LIKE '%major%') LIMIT 20 
2026-01-08 09:30:57 - Bound Params: {":term0":"%major%"}
2026-01-08 09:30:57 - PDOException: SQLSTATE[HY093]: Invalid parameter number
2026-01-08 09:31:10 - SQL Query (Interpolated):  SELECT er.id as idRua, er.logradouro, -- NOTE: er.numero, er.complemento, and er.cep were removed from this SELECT statement -- because they do not exist in the 'enderecoRuas' table and were causing SQL errors. -- These fields are typically associated with a specific address instance, not the street definition. eb.id as idBairro, eb.nomeBairro as bairro, ec.id as idCidade, ec.nomeCidade as cidade, ec.uf FROM enderecoRuas er JOIN enderecoBairros eb ON er.idBairro = eb.id JOIN enderecoCidades ec ON er.idCidade = ec.id WHERE (er.logradouro LIKE '%majormajor%' OR eb.nomeBairro LIKE '%majormajor%' OR ec.nomeCidade LIKE '%majormajor%' OR ec.uf LIKE '%majormajor%') LIMIT 20 
2026-01-08 09:31:10 - Bound Params: {":term0":"%majormajor%"}
2026-01-08 09:31:10 - PDOException: SQLSTATE[HY093]: Invalid parameter number
2026-01-08 09:31:20 - SQL Query (Interpolated):  SELECT er.id as idRua, er.logradouro, -- NOTE: er.numero, er.complemento, and er.cep were removed from this SELECT statement -- because they do not exist in the 'enderecoRuas' table and were causing SQL errors. -- These fields are typically associated with a specific address instance, not the street definition. eb.id as idBairro, eb.nomeBairro as bairro, ec.id as idCidade, ec.nomeCidade as cidade, ec.uf FROM enderecoRuas er JOIN enderecoBairros eb ON er.idBairro = eb.id JOIN enderecoCidades ec ON er.idCidade = ec.id WHERE (er.logradouro LIKE '%majormajormajor%' OR eb.nomeBairro LIKE '%majormajormajor%' OR ec.nomeCidade LIKE '%majormajormajor%' OR ec.uf LIKE '%majormajormajor%') LIMIT 20 
2026-01-08 09:31:20 - Bound Params: {":term0":"%majormajormajor%"}
2026-01-08 09:31:21 - PDOException: SQLSTATE[HY093]: Invalid parameter number
2026-01-08 09:31:43 - SQL Query (Interpolated):  SELECT er.id as idRua, er.logradouro, -- NOTE: er.numero, er.complemento, and er.cep were removed from this SELECT statement -- because they do not exist in the 'enderecoRuas' table and were causing SQL errors. -- These fields are typically associated with a specific address instance, not the street definition. eb.id as idBairro, eb.nomeBairro as bairro, ec.id as idCidade, ec.nomeCidade as cidade, ec.uf FROM enderecoRuas er JOIN enderecoBairros eb ON er.idBairro = eb.id JOIN enderecoCidades ec ON er.idCidade = ec.id WHERE (er.logradouro LIKE '%major%' OR eb.nomeBairro LIKE '%major%' OR ec.nomeCidade LIKE '%major%' OR ec.uf LIKE '%major%') LIMIT 20 
2026-01-08 09:31:43 - Bound Params: {":term0":"%major%"}
2026-01-08 09:31:43 - PDOException: SQLSTATE[HY093]: Invalid parameter number
2026-01-08 09:32:56 - SQL Query:  SELECT er.id as idRua, er.logradouro, -- NOTE: er.numero, er.complemento, and er.cep were removed from this SELECT statement -- because they do not exist in the 'enderecoRuas' table and were causing SQL errors. -- These fields are typically associated with a specific address instance, not the street definition. eb.id as idBairro, eb.nomeBairro as bairro, ec.id as idCidade, ec.nomeCidade as cidade, ec.uf FROM enderecoRuas er JOIN enderecoBairros eb ON er.idBairro = eb.id JOIN enderecoCidades ec ON er.idCidade = ec.id WHERE (er.logradouro LIKE ? OR eb.nomeBairro LIKE ? OR ec.nomeCidade LIKE ? OR ec.uf LIKE ?) LIMIT 20 
2026-01-08 09:32:56 - Bound Params: ["%major%","%major%","%major%","%major%"]
2026-01-08 09:32:56 - Query successful. Found 1 addresses for term "major".
2026-01-08 09:32:56 - Response Data: [{"idRua":3,"logradouro":"Rua Major Jo\u00e3o Rodrigues","idBairro":1,"bairro":"Centro","idCidade":3,"cidade":"Cordeir\u00f3polis","uf":"SP"}]
2026-01-08 09:33:20 - SQL Query:  SELECT er.id as idRua, er.logradouro, -- NOTE: er.numero, er.complemento, and er.cep were removed from this SELECT statement -- because they do not exist in the 'enderecoRuas' table and were causing SQL errors. -- These fields are typically associated with a specific address instance, not the street definition. eb.id as idBairro, eb.nomeBairro as bairro, ec.id as idCidade, ec.nomeCidade as cidade, ec.uf FROM enderecoRuas er JOIN enderecoBairros eb ON er.idBairro = eb.id JOIN enderecoCidades ec ON er.idCidade = ec.id WHERE (er.logradouro LIKE ? OR eb.nomeBairro LIKE ? OR ec.nomeCidade LIKE ? OR ec.uf LIKE ?) LIMIT 20 
2026-01-08 09:33:20 - Bound Params: ["%joao%","%joao%","%joao%","%joao%"]
2026-01-08 09:33:20 - Query successful. Found 1 addresses for term "joao".
2026-01-08 09:33:20 - Response Data: [{"idRua":3,"logradouro":"Rua Major Jo\u00e3o Rodrigues","idBairro":1,"bairro":"Centro","idCidade":3,"cidade":"Cordeir\u00f3polis","uf":"SP"}]
2026-01-08 09:33:24 - SQL Query:  SELECT er.id as idRua, er.logradouro, -- NOTE: er.numero, er.complemento, and er.cep were removed from this SELECT statement -- because they do not exist in the 'enderecoRuas' table and were causing SQL errors. -- These fields are typically associated with a specific address instance, not the street definition. eb.id as idBairro, eb.nomeBairro as bairro, ec.id as idCidade, ec.nomeCidade as cidade, ec.uf FROM enderecoRuas er JOIN enderecoBairros eb ON er.idBairro = eb.id JOIN enderecoCidades ec ON er.idCidade = ec.id WHERE (er.logradouro LIKE ? OR eb.nomeBairro LIKE ? OR ec.nomeCidade LIKE ? OR ec.uf LIKE ?) AND (er.logradouro LIKE ? OR eb.nomeBairro LIKE ? OR ec.nomeCidade LIKE ? OR ec.uf LIKE ?) LIMIT 20 
2026-01-08 09:33:25 - Bound Params: ["%joao%","%joao%","%joao%","%joao%","%a%","%a%","%a%","%a%"]
2026-01-08 09:33:25 - Query successful. Found 1 addresses for term "joao a".
2026-01-08 09:33:25 - Response Data: [{"idRua":3,"logradouro":"Rua Major Jo\u00e3o Rodrigues","idBairro":1,"bairro":"Centro","idCidade":3,"cidade":"Cordeir\u00f3polis","uf":"SP"}]
2026-01-08 09:33:36 - SQL Query:  SELECT er.id as idRua, er.logradouro, -- NOTE: er.numero, er.complemento, and er.cep were removed from this SELECT statement -- because they do not exist in the 'enderecoRuas' table and were causing SQL errors. -- These fields are typically associated with a specific address instance, not the street definition. eb.id as idBairro, eb.nomeBairro as bairro, ec.id as idCidade, ec.nomeCidade as cidade, ec.uf FROM enderecoRuas er JOIN enderecoBairros eb ON er.idBairro = eb.id JOIN enderecoCidades ec ON er.idCidade = ec.id WHERE (er.logradouro LIKE ? OR eb.nomeBairro LIKE ? OR ec.nomeCidade LIKE ? OR ec.uf LIKE ?) LIMIT 20 
2026-01-08 09:33:36 - Bound Params: ["%aaa%","%aaa%","%aaa%","%aaa%"]
2026-01-08 09:33:36 - Query successful. Found 0 addresses for term "aaa".
2026-01-08 09:33:36 - Response Data: []
2026-01-08 09:34:05 - SQL Query:  SELECT er.id as idRua, er.logradouro, -- NOTE: er.numero, er.complemento, and er.cep were removed from this SELECT statement -- because they do not exist in the 'enderecoRuas' table and were causing SQL errors. -- These fields are typically associated with a specific address instance, not the street definition. eb.id as idBairro, eb.nomeBairro as bairro, ec.id as idCidade, ec.nomeCidade as cidade, ec.uf FROM enderecoRuas er JOIN enderecoBairros eb ON er.idBairro = eb.id JOIN enderecoCidades ec ON er.idCidade = ec.id WHERE (er.logradouro LIKE ? OR eb.nomeBairro LIKE ? OR ec.nomeCidade LIKE ? OR ec.uf LIKE ?) LIMIT 20 
2026-01-08 09:34:05 - Bound Params: ["%cordeiro%","%cordeiro%","%cordeiro%","%cordeiro%"]
2026-01-08 09:34:05 - Query successful. Found 1 addresses for term "cordeiro".
2026-01-08 09:34:05 - Response Data: [{"idRua":3,"logradouro":"Rua Major Jo\u00e3o Rodrigues","idBairro":1,"bairro":"Centro","idCidade":3,"cidade":"Cordeir\u00f3polis","uf":"SP"}]
2026-01-08 09:36:25 - SQL Query:  SELECT er.id as idRua, er.logradouro, -- NOTE: er.numero, er.complemento, and er.cep were removed from this SELECT statement -- because they do not exist in the 'enderecoRuas' table and were causing SQL errors. -- These fields are typically associated with a specific address instance, not the street definition. eb.id as idBairro, eb.nomeBairro as bairro, ec.id as idCidade, ec.nomeCidade as cidade, ec.uf FROM enderecoRuas er JOIN enderecoBairros eb ON er.idBairro = eb.id JOIN enderecoCidades ec ON er.idCidade = ec.id WHERE (er.logradouro LIKE ? OR eb.nomeBairro LIKE ? OR ec.nomeCidade LIKE ? OR ec.uf LIKE ?) LIMIT 20 
2026-01-08 09:36:25 - Bound Params: ["%major%","%major%","%major%","%major%"]
2026-01-08 09:36:25 - Query successful. Found 1 addresses for term "major".
2026-01-08 09:36:25 - Response Data: [{"idRua":3,"logradouro":"Rua Major Jo\u00e3o Rodrigues","idBairro":1,"bairro":"Centro","idCidade":3,"cidade":"Cordeir\u00f3polis","uf":"SP"}]
2026-01-08 09:36:33 - SQL Query:  SELECT er.id as idRua, er.logradouro, -- NOTE: er.numero, er.complemento, and er.cep were removed from this SELECT statement -- because they do not exist in the 'enderecoRuas' table and were causing SQL errors. -- These fields are typically associated with a specific address instance, not the street definition. eb.id as idBairro, eb.nomeBairro as bairro, ec.id as idCidade, ec.nomeCidade as cidade, ec.uf FROM enderecoRuas er JOIN enderecoBairros eb ON er.idBairro = eb.id JOIN enderecoCidades ec ON er.idCidade = ec.id WHERE (er.logradouro LIKE ? OR eb.nomeBairro LIKE ? OR ec.nomeCidade LIKE ? OR ec.uf LIKE ?) LIMIT 20 
2026-01-08 09:36:33 - Bound Params: ["%cord%","%cord%","%cord%","%cord%"]
2026-01-08 09:36:33 - Query successful. Found 1 addresses for term "cord".
2026-01-08 09:36:33 - Response Data: [{"idRua":3,"logradouro":"Rua Major Jo\u00e3o Rodrigues","idBairro":1,"bairro":"Centro","idCidade":3,"cidade":"Cordeir\u00f3polis","uf":"SP"}]
2026-01-08 09:37:53 - SQL Query:  SELECT er.id as idRua, er.logradouro, -- NOTE: er.numero, er.complemento, and er.cep were removed from this SELECT statement -- because they do not exist in the 'enderecoRuas' table and were causing SQL errors. -- These fields are typically associated with a specific address instance, not the street definition. eb.id as idBairro, eb.nomeBairro as bairro, ec.id as idCidade, ec.nomeCidade as cidade, ec.uf FROM enderecoRuas er JOIN enderecoBairros eb ON er.idBairro = eb.id JOIN enderecoCidades ec ON er.idCidade = ec.id WHERE (er.logradouro LIKE ? OR eb.nomeBairro LIKE ? OR ec.nomeCidade LIKE ? OR ec.uf LIKE ?) LIMIT 20 
2026-01-08 09:37:53 - Bound Params: ["%rod%","%rod%","%rod%","%rod%"]
2026-01-08 09:37:53 - Query successful. Found 1 addresses for term "rod".
2026-01-08 09:37:53 - Response Data: [{"idRua":3,"logradouro":"Rua Major Jo\u00e3o Rodrigues","idBairro":1,"bairro":"Centro","idCidade":3,"cidade":"Cordeir\u00f3polis","uf":"SP"}]
2026-01-08 09:38:12 - SQL Query:  SELECT er.id as idRua, er.logradouro, -- NOTE: er.numero, er.complemento, and er.cep were removed from this SELECT statement -- because they do not exist in the 'enderecoRuas' table and were causing SQL errors. -- These fields are typically associated with a specific address instance, not the street definition. eb.id as idBairro, eb.nomeBairro as bairro, ec.id as idCidade, ec.nomeCidade as cidade, ec.uf FROM enderecoRuas er JOIN enderecoBairros eb ON er.idBairro = eb.id JOIN enderecoCidades ec ON er.idCidade = ec.id WHERE (er.logradouro LIKE ? OR eb.nomeBairro LIKE ? OR ec.nomeCidade LIKE ? OR ec.uf LIKE ?) LIMIT 20 
2026-01-08 09:38:12 - Bound Params: ["%rodbue%","%rodbue%","%rodbue%","%rodbue%"]
2026-01-08 09:38:12 - Query successful. Found 0 addresses for term "rodbue".
2026-01-08 09:38:12 - Response Data: []
2026-01-08 09:38:17 - SQL Query:  SELECT er.id as idRua, er.logradouro, -- NOTE: er.numero, er.complemento, and er.cep were removed from this SELECT statement -- because they do not exist in the 'enderecoRuas' table and were causing SQL errors. -- These fields are typically associated with a specific address instance, not the street definition. eb.id as idBairro, eb.nomeBairro as bairro, ec.id as idCidade, ec.nomeCidade as cidade, ec.uf FROM enderecoRuas er JOIN enderecoBairros eb ON er.idBairro = eb.id JOIN enderecoCidades ec ON er.idCidade = ec.id WHERE (er.logradouro LIKE ? OR eb.nomeBairro LIKE ? OR ec.nomeCidade LIKE ? OR ec.uf LIKE ?) LIMIT 20 
2026-01-08 09:38:17 - Bound Params: ["%bueno%","%bueno%","%bueno%","%bueno%"]
2026-01-08 09:38:17 - Query successful. Found 1 addresses for term "bueno".
2026-01-08 09:38:17 - Response Data: [{"idRua":7,"logradouro":"Rua Coronel Am\u00e2ncio Bueno","idBairro":1,"bairro":"Centro","idCidade":7,"cidade":"Leme","uf":"SP"}]
2026-01-08 09:38:23 - SQL Query:  SELECT er.id as idRua, er.logradouro, -- NOTE: er.numero, er.complemento, and er.cep were removed from this SELECT statement -- because they do not exist in the 'enderecoRuas' table and were causing SQL errors. -- These fields are typically associated with a specific address instance, not the street definition. eb.id as idBairro, eb.nomeBairro as bairro, ec.id as idCidade, ec.nomeCidade as cidade, ec.uf FROM enderecoRuas er JOIN enderecoBairros eb ON er.idBairro = eb.id JOIN enderecoCidades ec ON er.idCidade = ec.id WHERE (er.logradouro LIKE ? OR eb.nomeBairro LIKE ? OR ec.nomeCidade LIKE ? OR ec.uf LIKE ?) LIMIT 20 
2026-01-08 09:38:23 - Bound Params: ["%ama%","%ama%","%ama%","%ama%"]
2026-01-08 09:38:23 - Query successful. Found 1 addresses for term "ama".
2026-01-08 09:38:23 - Response Data: [{"idRua":7,"logradouro":"Rua Coronel Am\u00e2ncio Bueno","idBairro":1,"bairro":"Centro","idCidade":7,"cidade":"Leme","uf":"SP"}]
2026-01-08 09:41:35 - SQL Query:  SELECT er.id as idRua, er.logradouro, -- NOTE: er.numero, er.complemento, and er.cep were removed from this SELECT statement -- because they do not exist in the 'enderecoRuas' table and were causing SQL errors. -- These fields are typically associated with a specific address instance, not the street definition. eb.id as idBairro, eb.nomeBairro as bairro, ec.id as idCidade, ec.nomeCidade as cidade, ec.uf FROM enderecoRuas er JOIN enderecoBairros eb ON er.idBairro = eb.id JOIN enderecoCidades ec ON er.idCidade = ec.id WHERE (er.logradouro LIKE ? OR eb.nomeBairro LIKE ? OR ec.nomeCidade LIKE ? OR ec.uf LIKE ?) AND (er.logradouro LIKE ? OR eb.nomeBairro LIKE ? OR ec.nomeCidade LIKE ? OR ec.uf LIKE ?) LIMIT 20 
2026-01-08 09:41:35 - Bound Params: ["%e%","%e%","%e%","%e%","%rua%","%rua%","%rua%","%rua%"]
2026-01-08 09:41:35 - Query successful. Found 8 addresses for term "e rua".
2026-01-08 09:41:35 - Response Data: [{"idRua":5,"logradouro":"Rua Bar\u00e3o de Araras","idBairro":1,"bairro":"Centro","idCidade":5,"cidade":"Araras","uf":"SP"},{"idRua":6,"logradouro":"Rua Coronel Souza Franco","idBairro":1,"bairro":"Centro","idCidade":6,"cidade":"Conchal","uf":"SP"},{"idRua":3,"logradouro":"Rua Major Jo\u00e3o Rodrigues","idBairro":1,"bairro":"Centro","idCidade":3,"cidade":"Cordeir\u00f3polis","uf":"SP"},{"idRua":2,"logradouro":"Rua Doutor Marrey J\u00fanior","idBairro":1,"bairro":"Centro","idCidade":2,"cidade":"Iracem\u00e1polis","uf":"SP"},{"idRua":7,"logradouro":"Rua Coronel Am\u00e2ncio Bueno","idBairro":1,"bairro":"Centro","idCidade":7,"cidade":"Leme","uf":"SP"},{"idRua":1,"logradouro":"Rua Boa Morte","idBairro":1,"bairro":"Centro","idCidade":1,"cidade":"Limeira","uf":"SP"},{"idRua":8,"logradouro":"Rua Dom Pedro Segundo","idBairro":1,"bairro":"Centro","idCidade":8,"cidade":"Pirassununga","uf":"SP"},{"idRua":9,"logradouro":"Rua Coronel Joaquim Pinto","idBairro":1,"bairro":"Centro","idCidade":9,"cidade":"Santa Cruz da Concei\u00e7\u00e3o","uf":"SP"}]
2026-01-08 09:46:18 - SQL Query:  SELECT er.id as idRua, er.logradouro, -- NOTE: er.numero, er.complemento, and er.cep were removed from this SELECT statement -- because they do not exist in the 'enderecoRuas' table and were causing SQL errors. -- These fields are typically associated with a specific address instance, not the street definition. eb.id as idBairro, eb.nomeBairro as bairro, ec.id as idCidade, ec.nomeCidade as cidade, ec.uf FROM enderecoRuas er JOIN enderecoBairros eb ON er.idBairro = eb.id JOIN enderecoCidades ec ON er.idCidade = ec.id WHERE (er.logradouro LIKE ? OR eb.nomeBairro LIKE ? OR ec.nomeCidade LIKE ? OR ec.uf LIKE ?) LIMIT 20 
2026-01-08 09:46:18 - Bound Params: ["%aman%","%aman%","%aman%","%aman%"]
2026-01-08 09:46:18 - Query successful. Found 1 addresses for term "aman".
2026-01-08 09:46:18 - Response Data: [{"idRua":7,"logradouro":"Rua Coronel Am\u00e2ncio Bueno","idBairro":1,"bairro":"Centro","idCidade":7,"cidade":"Leme","uf":"SP"}]
2026-01-08 09:46:36 - SQL Query:  SELECT er.id as idRua, er.logradouro, -- NOTE: er.numero, er.complemento, and er.cep were removed from this SELECT statement -- because they do not exist in the 'enderecoRuas' table and were causing SQL errors. -- These fields are typically associated with a specific address instance, not the street definition. eb.id as idBairro, eb.nomeBairro as bairro, ec.id as idCidade, ec.nomeCidade as cidade, ec.uf FROM enderecoRuas er JOIN enderecoBairros eb ON er.idBairro = eb.id JOIN enderecoCidades ec ON er.idCidade = ec.id WHERE (er.logradouro LIKE ? OR eb.nomeBairro LIKE ? OR ec.nomeCidade LIKE ? OR ec.uf LIKE ?) LIMIT 20 
2026-01-08 09:46:36 - Bound Params: ["%joa%","%joa%","%joa%","%joa%"]
2026-01-08 09:46:37 - Query successful. Found 2 addresses for term "joa".
2026-01-08 09:46:37 - Response Data: [{"idRua":3,"logradouro":"Rua Major Jo\u00e3o Rodrigues","idBairro":1,"bairro":"Centro","idCidade":3,"cidade":"Cordeir\u00f3polis","uf":"SP"},{"idRua":9,"logradouro":"Rua Coronel Joaquim Pinto","idBairro":1,"bairro":"Centro","idCidade":9,"cidade":"Santa Cruz da Concei\u00e7\u00e3o","uf":"SP"}]
2026-01-08 09:50:15 - SQL Query:  SELECT er.id as idRua, er.logradouro, -- NOTE: er.numero, er.complemento, and er.cep were removed from this SELECT statement -- because they do not exist in the 'enderecoRuas' table and were causing SQL errors. -- These fields are typically associated with a specific address instance, not the street definition. eb.id as idBairro, eb.nomeBairro as bairro, ec.id as idCidade, ec.nomeCidade as cidade, ec.uf FROM enderecoRuas er JOIN enderecoBairros eb ON er.idBairro = eb.id JOIN enderecoCidades ec ON er.idCidade = ec.id WHERE (er.logradouro LIKE ? OR eb.nomeBairro LIKE ? OR ec.nomeCidade LIKE ? OR ec.uf LIKE ?) LIMIT 20 
2026-01-08 09:50:15 - Bound Params: ["%rua%","%rua%","%rua%","%rua%"]
2026-01-08 09:50:15 - Query successful. Found 8 addresses for term "rua".
2026-01-08 09:50:15 - Response Data: [{"idRua":5,"logradouro":"Rua Bar\u00e3o de Araras","idBairro":1,"bairro":"Centro","idCidade":5,"cidade":"Araras","uf":"SP"},{"idRua":6,"logradouro":"Rua Coronel Souza Franco","idBairro":1,"bairro":"Centro","idCidade":6,"cidade":"Conchal","uf":"SP"},{"idRua":3,"logradouro":"Rua Major Jo\u00e3o Rodrigues","idBairro":1,"bairro":"Centro","idCidade":3,"cidade":"Cordeir\u00f3polis","uf":"SP"},{"idRua":2,"logradouro":"Rua Doutor Marrey J\u00fanior","idBairro":1,"bairro":"Centro","idCidade":2,"cidade":"Iracem\u00e1polis","uf":"SP"},{"idRua":7,"logradouro":"Rua Coronel Am\u00e2ncio Bueno","idBairro":1,"bairro":"Centro","idCidade":7,"cidade":"Leme","uf":"SP"},{"idRua":1,"logradouro":"Rua Boa Morte","idBairro":1,"bairro":"Centro","idCidade":1,"cidade":"Limeira","uf":"SP"},{"idRua":8,"logradouro":"Rua Dom Pedro Segundo","idBairro":1,"bairro":"Centro","idCidade":8,"cidade":"Pirassununga","uf":"SP"},{"idRua":9,"logradouro":"Rua Coronel Joaquim Pinto","idBairro":1,"bairro":"Centro","idCidade":9,"cidade":"Santa Cruz da Concei\u00e7\u00e3o","uf":"SP"}]
2026-01-08 09:52:40 - SQL Query:  SELECT er.id as idRua, er.logradouro, -- NOTE: er.numero, er.complemento, and er.cep were removed from this SELECT statement -- because they do not exist in the 'enderecoRuas' table and were causing SQL errors. -- These fields are typically associated with a specific address instance, not the street definition. eb.id as idBairro, eb.nomeBairro as bairro, ec.id as idCidade, ec.nomeCidade as cidade, ec.uf FROM enderecoRuas er JOIN enderecoBairros eb ON er.idBairro = eb.id JOIN enderecoCidades ec ON er.idCidade = ec.id WHERE (er.logradouro LIKE ? OR eb.nomeBairro LIKE ? OR ec.nomeCidade LIKE ? OR ec.uf LIKE ?) LIMIT 20 
2026-01-08 09:52:40 - Bound Params: ["%rua%","%rua%","%rua%","%rua%"]
2026-01-08 09:52:41 - Query successful. Found 8 addresses for term "rua".
2026-01-08 09:52:41 - Response Data: [{"idRua":5,"logradouro":"Rua Bar\u00e3o de Araras","idBairro":1,"bairro":"Centro","idCidade":5,"cidade":"Araras","uf":"SP"},{"idRua":6,"logradouro":"Rua Coronel Souza Franco","idBairro":1,"bairro":"Centro","idCidade":6,"cidade":"Conchal","uf":"SP"},{"idRua":3,"logradouro":"Rua Major Jo\u00e3o Rodrigues","idBairro":1,"bairro":"Centro","idCidade":3,"cidade":"Cordeir\u00f3polis","uf":"SP"},{"idRua":2,"logradouro":"Rua Doutor Marrey J\u00fanior","idBairro":1,"bairro":"Centro","idCidade":2,"cidade":"Iracem\u00e1polis","uf":"SP"},{"idRua":7,"logradouro":"Rua Coronel Am\u00e2ncio Bueno","idBairro":1,"bairro":"Centro","idCidade":7,"cidade":"Leme","uf":"SP"},{"idRua":1,"logradouro":"Rua Boa Morte","idBairro":1,"bairro":"Centro","idCidade":1,"cidade":"Limeira","uf":"SP"},{"idRua":8,"logradouro":"Rua Dom Pedro Segundo","idBairro":1,"bairro":"Centro","idCidade":8,"cidade":"Pirassununga","uf":"SP"},{"idRua":9,"logradouro":"Rua Coronel Joaquim Pinto","idBairro":1,"bairro":"Centro","idCidade":9,"cidade":"Santa Cruz da Concei\u00e7\u00e3o","uf":"SP"}]
2026-01-08 09:57:14 - SQL Query:  SELECT er.id as idRua, er.logradouro, -- NOTE: er.numero, er.complemento, and er.cep were removed from this SELECT statement -- because they do not exist in the 'enderecoRuas' table and were causing SQL errors. -- These fields are typically associated with a specific address instance, not the street definition. eb.id as idBairro, eb.nomeBairro as bairro, ec.id as idCidade, ec.nomeCidade as cidade, ec.uf FROM enderecoRuas er JOIN enderecoBairros eb ON er.idBairro = eb.id JOIN enderecoCidades ec ON er.idCidade = ec.id WHERE (er.logradouro LIKE ? OR eb.nomeBairro LIKE ? OR ec.nomeCidade LIKE ? OR ec.uf LIKE ?) LIMIT 20 
2026-01-08 09:57:14 - Bound Params: ["%rua%","%rua%","%rua%","%rua%"]
2026-01-08 09:57:15 - Query successful. Found 8 addresses for term "rua".
2026-01-08 09:57:15 - Response Data: [{"idRua":5,"logradouro":"Rua Bar\u00e3o de Araras","idBairro":1,"bairro":"Centro","idCidade":5,"cidade":"Araras","uf":"SP"},{"idRua":6,"logradouro":"Rua Coronel Souza Franco","idBairro":1,"bairro":"Centro","idCidade":6,"cidade":"Conchal","uf":"SP"},{"idRua":3,"logradouro":"Rua Major Jo\u00e3o Rodrigues","idBairro":1,"bairro":"Centro","idCidade":3,"cidade":"Cordeir\u00f3polis","uf":"SP"},{"idRua":2,"logradouro":"Rua Doutor Marrey J\u00fanior","idBairro":1,"bairro":"Centro","idCidade":2,"cidade":"Iracem\u00e1polis","uf":"SP"},{"idRua":7,"logradouro":"Rua Coronel Am\u00e2ncio Bueno","idBairro":1,"bairro":"Centro","idCidade":7,"cidade":"Leme","uf":"SP"},{"idRua":1,"logradouro":"Rua Boa Morte","idBairro":1,"bairro":"Centro","idCidade":1,"cidade":"Limeira","uf":"SP"},{"idRua":8,"logradouro":"Rua Dom Pedro Segundo","idBairro":1,"bairro":"Centro","idCidade":8,"cidade":"Pirassununga","uf":"SP"},{"idRua":9,"logradouro":"Rua Coronel Joaquim Pinto","idBairro":1,"bairro":"Centro","idCidade":9,"cidade":"Santa Cruz da Concei\u00e7\u00e3o","uf":"SP"}]
2026-01-08 09:57:30 - SQL Query:  SELECT er.id as idRua, er.logradouro, -- NOTE: er.numero, er.complemento, and er.cep were removed from this SELECT statement -- because they do not exist in the 'enderecoRuas' table and were causing SQL errors. -- These fields are typically associated with a specific address instance, not the street definition. eb.id as idBairro, eb.nomeBairro as bairro, ec.id as idCidade, ec.nomeCidade as cidade, ec.uf FROM enderecoRuas er JOIN enderecoBairros eb ON er.idBairro = eb.id JOIN enderecoCidades ec ON er.idCidade = ec.id WHERE (er.logradouro LIKE ? OR eb.nomeBairro LIKE ? OR ec.nomeCidade LIKE ? OR ec.uf LIKE ?) LIMIT 20 
2026-01-08 09:57:30 - Bound Params: ["%junior%","%junior%","%junior%","%junior%"]
2026-01-08 09:57:30 - Query successful. Found 1 addresses for term "junior".
2026-01-08 09:57:30 - Response Data: [{"idRua":2,"logradouro":"Rua Doutor Marrey J\u00fanior","idBairro":1,"bairro":"Centro","idCidade":2,"cidade":"Iracem\u00e1polis","uf":"SP"}]
2026-01-08 09:57:35 - SQL Query:  SELECT er.id as idRua, er.logradouro, -- NOTE: er.numero, er.complemento, and er.cep were removed from this SELECT statement -- because they do not exist in the 'enderecoRuas' table and were causing SQL errors. -- These fields are typically associated with a specific address instance, not the street definition. eb.id as idBairro, eb.nomeBairro as bairro, ec.id as idCidade, ec.nomeCidade as cidade, ec.uf FROM enderecoRuas er JOIN enderecoBairros eb ON er.idBairro = eb.id JOIN enderecoCidades ec ON er.idCidade = ec.id WHERE (er.logradouro LIKE ? OR eb.nomeBairro LIKE ? OR ec.nomeCidade LIKE ? OR ec.uf LIKE ?) LIMIT 20 
2026-01-08 09:57:35 - Bound Params: ["%jose%","%jose%","%jose%","%jose%"]
2026-01-08 09:57:36 - Query successful. Found 0 addresses for term "jose".
2026-01-08 09:57:36 - Response Data: []
2026-01-08 09:57:38 - SQL Query:  SELECT er.id as idRua, er.logradouro, -- NOTE: er.numero, er.complemento, and er.cep were removed from this SELECT statement -- because they do not exist in the 'enderecoRuas' table and were causing SQL errors. -- These fields are typically associated with a specific address instance, not the street definition. eb.id as idBairro, eb.nomeBairro as bairro, ec.id as idCidade, ec.nomeCidade as cidade, ec.uf FROM enderecoRuas er JOIN enderecoBairros eb ON er.idBairro = eb.id JOIN enderecoCidades ec ON er.idCidade = ec.id WHERE (er.logradouro LIKE ? OR eb.nomeBairro LIKE ? OR ec.nomeCidade LIKE ? OR ec.uf LIKE ?) LIMIT 20 
2026-01-08 09:57:38 - Bound Params: ["%ama%","%ama%","%ama%","%ama%"]
2026-01-08 09:57:38 - Query successful. Found 1 addresses for term "ama".
2026-01-08 09:57:38 - Response Data: [{"idRua":7,"logradouro":"Rua Coronel Am\u00e2ncio Bueno","idBairro":1,"bairro":"Centro","idCidade":7,"cidade":"Leme","uf":"SP"}]
2026-01-08 09:59:44 - SQL Query:  SELECT er.id as idRua, er.logradouro, -- NOTE: er.numero, er.complemento, and er.cep were removed from this SELECT statement -- because they do not exist in the 'enderecoRuas' table and were causing SQL errors. -- These fields are typically associated with a specific address instance, not the street definition. eb.id as idBairro, eb.nomeBairro as bairro, ec.id as idCidade, ec.nomeCidade as cidade, ec.uf FROM enderecoRuas er JOIN enderecoBairros eb ON er.idBairro = eb.id JOIN enderecoCidades ec ON er.idCidade = ec.id WHERE (er.logradouro LIKE ? OR eb.nomeBairro LIKE ? OR ec.nomeCidade LIKE ? OR ec.uf LIKE ?) LIMIT 20 
2026-01-08 09:59:44 - Bound Params: ["%bara%","%bara%","%bara%","%bara%"]
2026-01-08 09:59:44 - Query successful. Found 1 addresses for term "bara".
2026-01-08 09:59:44 - Response Data: [{"idRua":5,"logradouro":"Rua Bar\u00e3o de Araras","idBairro":1,"bairro":"Centro","idCidade":5,"cidade":"Araras","uf":"SP"}]
2026-01-08 09:59:48 - SQL Query:  SELECT er.id as idRua, er.logradouro, -- NOTE: er.numero, er.complemento, and er.cep were removed from this SELECT statement -- because they do not exist in the 'enderecoRuas' table and were causing SQL errors. -- These fields are typically associated with a specific address instance, not the street definition. eb.id as idBairro, eb.nomeBairro as bairro, ec.id as idCidade, ec.nomeCidade as cidade, ec.uf FROM enderecoRuas er JOIN enderecoBairros eb ON er.idBairro = eb.id JOIN enderecoCidades ec ON er.idCidade = ec.id WHERE (er.logradouro LIKE ? OR eb.nomeBairro LIKE ? OR ec.nomeCidade LIKE ? OR ec.uf LIKE ?) LIMIT 20 
2026-01-08 09:59:48 - Bound Params: ["%juni%","%juni%","%juni%","%juni%"]
2026-01-08 09:59:49 - Query successful. Found 1 addresses for term "juni".
2026-01-08 09:59:49 - Response Data: [{"idRua":2,"logradouro":"Rua Doutor Marrey J\u00fanior","idBairro":1,"bairro":"Centro","idCidade":2,"cidade":"Iracem\u00e1polis","uf":"SP"}]
2026-01-08 09:59:50 - SQL Query:  SELECT er.id as idRua, er.logradouro, -- NOTE: er.numero, er.complemento, and er.cep were removed from this SELECT statement -- because they do not exist in the 'enderecoRuas' table and were causing SQL errors. -- These fields are typically associated with a specific address instance, not the street definition. eb.id as idBairro, eb.nomeBairro as bairro, ec.id as idCidade, ec.nomeCidade as cidade, ec.uf FROM enderecoRuas er JOIN enderecoBairros eb ON er.idBairro = eb.id JOIN enderecoCidades ec ON er.idCidade = ec.id WHERE (er.logradouro LIKE ? OR eb.nomeBairro LIKE ? OR ec.nomeCidade LIKE ? OR ec.uf LIKE ?) AND (er.logradouro LIKE ? OR eb.nomeBairro LIKE ? OR ec.nomeCidade LIKE ? OR ec.uf LIKE ?) LIMIT 20 
2026-01-08 09:59:50 - Bound Params: ["%juni%","%juni%","%juni%","%juni%","%dout%","%dout%","%dout%","%dout%"]
2026-01-08 09:59:51 - Query successful. Found 1 addresses for term "juni dout".
2026-01-08 09:59:51 - Response Data: [{"idRua":2,"logradouro":"Rua Doutor Marrey J\u00fanior","idBairro":1,"bairro":"Centro","idCidade":2,"cidade":"Iracem\u00e1polis","uf":"SP"}]
2026-01-08 10:00:11 - SQL Query:  SELECT er.id as idRua, er.logradouro, -- NOTE: er.numero, er.complemento, and er.cep were removed from this SELECT statement -- because they do not exist in the 'enderecoRuas' table and were causing SQL errors. -- These fields are typically associated with a specific address instance, not the street definition. eb.id as idBairro, eb.nomeBairro as bairro, ec.id as idCidade, ec.nomeCidade as cidade, ec.uf FROM enderecoRuas er JOIN enderecoBairros eb ON er.idBairro = eb.id JOIN enderecoCidades ec ON er.idCidade = ec.id WHERE (er.logradouro LIKE ? OR eb.nomeBairro LIKE ? OR ec.nomeCidade LIKE ? OR ec.uf LIKE ?) LIMIT 20 
2026-01-08 10:00:11 - Bound Params: ["%dom%","%dom%","%dom%","%dom%"]
2026-01-08 10:00:12 - Query successful. Found 1 addresses for term "dom".
2026-01-08 10:00:12 - Response Data: [{"idRua":8,"logradouro":"Rua Dom Pedro Segundo","idBairro":1,"bairro":"Centro","idCidade":8,"cidade":"Pirassununga","uf":"SP"}]
2026-01-08 10:01:30 - SQL Query:  SELECT er.id as idRua, er.logradouro, -- NOTE: er.numero, er.complemento, and er.cep were removed from this SELECT statement -- because they do not exist in the 'enderecoRuas' table and were causing SQL errors. -- These fields are typically associated with a specific address instance, not the street definition. eb.id as idBairro, eb.nomeBairro as bairro, ec.id as idCidade, ec.nomeCidade as cidade, ec.uf FROM enderecoRuas er JOIN enderecoBairros eb ON er.idBairro = eb.id JOIN enderecoCidades ec ON er.idCidade = ec.id WHERE (er.logradouro LIKE ? OR eb.nomeBairro LIKE ? OR ec.nomeCidade LIKE ? OR ec.uf LIKE ?) LIMIT 20 
2026-01-08 10:01:30 - Bound Params: ["%joao%","%joao%","%joao%","%joao%"]
2026-01-08 10:01:30 - Query successful. Found 1 addresses for term "joao".
2026-01-08 10:01:30 - Response Data: [{"idRua":3,"logradouro":"Rua Major Jo\u00e3o Rodrigues","idBairro":1,"bairro":"Centro","idCidade":3,"cidade":"Cordeir\u00f3polis","uf":"SP"}]
2026-01-08 10:06:57 - SQL Query:  SELECT er.id as idRua, er.logradouro, -- NOTE: er.numero, er.complemento, and er.cep were removed from this SELECT statement -- because they do not exist in the 'enderecoRuas' table and were causing SQL errors. -- These fields are typically associated with a specific address instance, not the street definition. eb.id as idBairro, eb.nomeBairro as bairro, ec.id as idCidade, ec.nomeCidade as cidade, ec.uf FROM enderecoRuas er JOIN enderecoBairros eb ON er.idBairro = eb.id JOIN enderecoCidades ec ON er.idCidade = ec.id WHERE (er.logradouro LIKE ? OR eb.nomeBairro LIKE ? OR ec.nomeCidade LIKE ? OR ec.uf LIKE ?) LIMIT 20 
2026-01-08 10:06:57 - Bound Params: ["%jose%","%jose%","%jose%","%jose%"]
2026-01-08 10:06:57 - Query successful. Found 0 addresses for term "jose".
2026-01-08 10:06:57 - Response Data: []
2026-01-08 10:07:02 - SQL Query:  SELECT er.id as idRua, er.logradouro, -- NOTE: er.numero, er.complemento, and er.cep were removed from this SELECT statement -- because they do not exist in the 'enderecoRuas' table and were causing SQL errors. -- These fields are typically associated with a specific address instance, not the street definition. eb.id as idBairro, eb.nomeBairro as bairro, ec.id as idCidade, ec.nomeCidade as cidade, ec.uf FROM enderecoRuas er JOIN enderecoBairros eb ON er.idBairro = eb.id JOIN enderecoCidades ec ON er.idCidade = ec.id WHERE (er.logradouro LIKE ? OR eb.nomeBairro LIKE ? OR ec.nomeCidade LIKE ? OR ec.uf LIKE ?) LIMIT 20 
2026-01-08 10:07:02 - Bound Params: ["%rua%","%rua%","%rua%","%rua%"]
2026-01-08 10:07:02 - Query successful. Found 8 addresses for term "rua".
2026-01-08 10:07:02 - Response Data: [{"idRua":5,"logradouro":"Rua Bar\u00e3o de Araras","idBairro":1,"bairro":"Centro","idCidade":5,"cidade":"Araras","uf":"SP"},{"idRua":6,"logradouro":"Rua Coronel Souza Franco","idBairro":1,"bairro":"Centro","idCidade":6,"cidade":"Conchal","uf":"SP"},{"idRua":3,"logradouro":"Rua Major Jo\u00e3o Rodrigues","idBairro":1,"bairro":"Centro","idCidade":3,"cidade":"Cordeir\u00f3polis","uf":"SP"},{"idRua":2,"logradouro":"Rua Doutor Marrey J\u00fanior","idBairro":1,"bairro":"Centro","idCidade":2,"cidade":"Iracem\u00e1polis","uf":"SP"},{"idRua":7,"logradouro":"Rua Coronel Am\u00e2ncio Bueno","idBairro":1,"bairro":"Centro","idCidade":7,"cidade":"Leme","uf":"SP"},{"idRua":1,"logradouro":"Rua Boa Morte","idBairro":1,"bairro":"Centro","idCidade":1,"cidade":"Limeira","uf":"SP"},{"idRua":8,"logradouro":"Rua Dom Pedro Segundo","idBairro":1,"bairro":"Centro","idCidade":8,"cidade":"Pirassununga","uf":"SP"},{"idRua":9,"logradouro":"Rua Coronel Joaquim Pinto","idBairro":1,"bairro":"Centro","idCidade":9,"cidade":"Santa Cruz da Concei\u00e7\u00e3o","uf":"SP"}]
2026-01-08 10:07:11 - SQL Query:  SELECT er.id as idRua, er.logradouro, -- NOTE: er.numero, er.complemento, and er.cep were removed from this SELECT statement -- because they do not exist in the 'enderecoRuas' table and were causing SQL errors. -- These fields are typically associated with a specific address instance, not the street definition. eb.id as idBairro, eb.nomeBairro as bairro, ec.id as idCidade, ec.nomeCidade as cidade, ec.uf FROM enderecoRuas er JOIN enderecoBairros eb ON er.idBairro = eb.id JOIN enderecoCidades ec ON er.idCidade = ec.id WHERE (er.logradouro LIKE ? OR eb.nomeBairro LIKE ? OR ec.nomeCidade LIKE ? OR ec.uf LIKE ?) LIMIT 20 
2026-01-08 10:07:11 - Bound Params: ["%centro%","%centro%","%centro%","%centro%"]
2026-01-08 10:07:12 - Query successful. Found 9 addresses for term "centro".
2026-01-08 10:07:12 - Response Data: [{"idRua":5,"logradouro":"Rua Bar\u00e3o de Araras","idBairro":1,"bairro":"Centro","idCidade":5,"cidade":"Araras","uf":"SP"},{"idRua":6,"logradouro":"Rua Coronel Souza Franco","idBairro":1,"bairro":"Centro","idCidade":6,"cidade":"Conchal","uf":"SP"},{"idRua":3,"logradouro":"Rua Major Jo\u00e3o Rodrigues","idBairro":1,"bairro":"Centro","idCidade":3,"cidade":"Cordeir\u00f3polis","uf":"SP"},{"idRua":4,"logradouro":"Avenida Engenheiro Coelho Neto","idBairro":1,"bairro":"Centro","idCidade":4,"cidade":"Engenheiro Coelho","uf":"SP"},{"idRua":2,"logradouro":"Rua Doutor Marrey J\u00fanior","idBairro":1,"bairro":"Centro","idCidade":2,"cidade":"Iracem\u00e1polis","uf":"SP"},{"idRua":7,"logradouro":"Rua Coronel Am\u00e2ncio Bueno","idBairro":1,"bairro":"Centro","idCidade":7,"cidade":"Leme","uf":"SP"},{"idRua":1,"logradouro":"Rua Boa Morte","idBairro":1,"bairro":"Centro","idCidade":1,"cidade":"Limeira","uf":"SP"},{"idRua":8,"logradouro":"Rua Dom Pedro Segundo","idBairro":1,"bairro":"Centro","idCidade":8,"cidade":"Pirassununga","uf":"SP"},{"idRua":9,"logradouro":"Rua Coronel Joaquim Pinto","idBairro":1,"bairro":"Centro","idCidade":9,"cidade":"Santa Cruz da Concei\u00e7\u00e3o","uf":"SP"}]
2026-01-08 10:07:14 - SQL Query:  SELECT er.id as idRua, er.logradouro, -- NOTE: er.numero, er.complemento, and er.cep were removed from this SELECT statement -- because they do not exist in the 'enderecoRuas' table and were causing SQL errors. -- These fields are typically associated with a specific address instance, not the street definition. eb.id as idBairro, eb.nomeBairro as bairro, ec.id as idCidade, ec.nomeCidade as cidade, ec.uf FROM enderecoRuas er JOIN enderecoBairros eb ON er.idBairro = eb.id JOIN enderecoCidades ec ON er.idCidade = ec.id WHERE (er.logradouro LIKE ? OR eb.nomeBairro LIKE ? OR ec.nomeCidade LIKE ? OR ec.uf LIKE ?) AND (er.logradouro LIKE ? OR eb.nomeBairro LIKE ? OR ec.nomeCidade LIKE ? OR ec.uf LIKE ?) LIMIT 20 
2026-01-08 10:07:14 - Bound Params: ["%centro%","%centro%","%centro%","%centro%","%arara%","%arara%","%arara%","%arara%"]
2026-01-08 10:07:14 - Query successful. Found 1 addresses for term "centro arara".
2026-01-08 10:07:14 - Response Data: [{"idRua":5,"logradouro":"Rua Bar\u00e3o de Araras","idBairro":1,"bairro":"Centro","idCidade":5,"cidade":"Araras","uf":"SP"}]
2026-01-08 10:07:20 - SQL Query:  SELECT er.id as idRua, er.logradouro, -- NOTE: er.numero, er.complemento, and er.cep were removed from this SELECT statement -- because they do not exist in the 'enderecoRuas' table and were causing SQL errors. -- These fields are typically associated with a specific address instance, not the street definition. eb.id as idBairro, eb.nomeBairro as bairro, ec.id as idCidade, ec.nomeCidade as cidade, ec.uf FROM enderecoRuas er JOIN enderecoBairros eb ON er.idBairro = eb.id JOIN enderecoCidades ec ON er.idCidade = ec.id WHERE (er.logradouro LIKE ? OR eb.nomeBairro LIKE ? OR ec.nomeCidade LIKE ? OR ec.uf LIKE ?) AND (er.logradouro LIKE ? OR eb.nomeBairro LIKE ? OR ec.nomeCidade LIKE ? OR ec.uf LIKE ?) AND (er.logradouro LIKE ? OR eb.nomeBairro LIKE ? OR ec.nomeCidade LIKE ? OR ec.uf LIKE ?) LIMIT 20 
2026-01-08 10:07:20 - Bound Params: ["%barao%","%barao%","%barao%","%barao%","%de%","%de%","%de%","%de%","%araras%","%araras%","%araras%","%araras%"]
2026-01-08 10:07:20 - Query successful. Found 1 addresses for term "barao de araras".
2026-01-08 10:07:20 - Response Data: [{"idRua":5,"logradouro":"Rua Bar\u00e3o de Araras","idBairro":1,"bairro":"Centro","idCidade":5,"cidade":"Araras","uf":"SP"}]
2026-01-08 10:07:24 - SQL Query:  SELECT er.id as idRua, er.logradouro, -- NOTE: er.numero, er.complemento, and er.cep were removed from this SELECT statement -- because they do not exist in the 'enderecoRuas' table and were causing SQL errors. -- These fields are typically associated with a specific address instance, not the street definition. eb.id as idBairro, eb.nomeBairro as bairro, ec.id as idCidade, ec.nomeCidade as cidade, ec.uf FROM enderecoRuas er JOIN enderecoBairros eb ON er.idBairro = eb.id JOIN enderecoCidades ec ON er.idCidade = ec.id WHERE (er.logradouro LIKE ? OR eb.nomeBairro LIKE ? OR ec.nomeCidade LIKE ? OR ec.uf LIKE ?) AND (er.logradouro LIKE ? OR eb.nomeBairro LIKE ? OR ec.nomeCidade LIKE ? OR ec.uf LIKE ?) LIMIT 20 
2026-01-08 10:07:24 - Bound Params: ["%araras%","%araras%","%araras%","%araras%","%barao%","%barao%","%barao%","%barao%"]
2026-01-08 10:07:24 - Query successful. Found 1 addresses for term "araras barao".
2026-01-08 10:07:24 - Response Data: [{"idRua":5,"logradouro":"Rua Bar\u00e3o de Araras","idBairro":1,"bairro":"Centro","idCidade":5,"cidade":"Araras","uf":"SP"}]
2026-01-08 10:12:06 - SQL Query:  SELECT er.id as idRua, er.logradouro, -- NOTE: er.numero, er.complemento, and er.cep were removed from this SELECT statement -- because they do not exist in the 'enderecoRuas' table and were causing SQL errors. -- These fields are typically associated with a specific address instance, not the street definition. eb.id as idBairro, eb.nomeBairro as bairro, ec.id as idCidade, ec.nomeCidade as cidade, ec.uf FROM enderecoRuas er JOIN enderecoBairros eb ON er.idBairro = eb.id JOIN enderecoCidades ec ON er.idCidade = ec.id WHERE (er.logradouro LIKE ? OR eb.nomeBairro LIKE ? OR ec.nomeCidade LIKE ? OR ec.uf LIKE ?) LIMIT 20 
2026-01-08 10:12:06 - Bound Params: ["%rua%","%rua%","%rua%","%rua%"]
2026-01-08 10:12:06 - Query successful. Found 8 addresses for term "rua".
2026-01-08 10:12:06 - Response Data: [{"idRua":5,"logradouro":"Rua Bar\u00e3o de Araras","idBairro":1,"bairro":"Centro","idCidade":5,"cidade":"Araras","uf":"SP"},{"idRua":6,"logradouro":"Rua Coronel Souza Franco","idBairro":1,"bairro":"Centro","idCidade":6,"cidade":"Conchal","uf":"SP"},{"idRua":3,"logradouro":"Rua Major Jo\u00e3o Rodrigues","idBairro":1,"bairro":"Centro","idCidade":3,"cidade":"Cordeir\u00f3polis","uf":"SP"},{"idRua":2,"logradouro":"Rua Doutor Marrey J\u00fanior","idBairro":1,"bairro":"Centro","idCidade":2,"cidade":"Iracem\u00e1polis","uf":"SP"},{"idRua":7,"logradouro":"Rua Coronel Am\u00e2ncio Bueno","idBairro":1,"bairro":"Centro","idCidade":7,"cidade":"Leme","uf":"SP"},{"idRua":1,"logradouro":"Rua Boa Morte","idBairro":1,"bairro":"Centro","idCidade":1,"cidade":"Limeira","uf":"SP"},{"idRua":8,"logradouro":"Rua Dom Pedro Segundo","idBairro":1,"bairro":"Centro","idCidade":8,"cidade":"Pirassununga","uf":"SP"},{"idRua":9,"logradouro":"Rua Coronel Joaquim Pinto","idBairro":1,"bairro":"Centro","idCidade":9,"cidade":"Santa Cruz da Concei\u00e7\u00e3o","uf":"SP"}]
2026-01-08 10:17:48 - SQL Query:  SELECT er.id as idRua, er.logradouro, -- NOTE: er.numero, er.complemento, and er.cep were removed from this SELECT statement -- because they do not exist in the 'enderecoRuas' table and were causing SQL errors. -- These fields are typically associated with a specific address instance, not the street definition. eb.id as idBairro, eb.nomeBairro as bairro, ec.id as idCidade, ec.nomeCidade as cidade, ec.uf FROM enderecoRuas er JOIN enderecoBairros eb ON er.idBairro = eb.id JOIN enderecoCidades ec ON er.idCidade = ec.id WHERE (er.logradouro LIKE ? OR eb.nomeBairro LIKE ? OR ec.nomeCidade LIKE ? OR ec.uf LIKE ?) LIMIT 20 
2026-01-08 10:17:48 - Bound Params: ["%rua%","%rua%","%rua%","%rua%"]
2026-01-08 10:17:48 - Query successful. Found 8 addresses for term "rua".
2026-01-08 10:17:48 - Response Data: [{"idRua":5,"logradouro":"Rua Bar\u00e3o de Araras","idBairro":1,"bairro":"Centro","idCidade":5,"cidade":"Araras","uf":"SP"},{"idRua":6,"logradouro":"Rua Coronel Souza Franco","idBairro":1,"bairro":"Centro","idCidade":6,"cidade":"Conchal","uf":"SP"},{"idRua":3,"logradouro":"Rua Major Jo\u00e3o Rodrigues","idBairro":1,"bairro":"Centro","idCidade":3,"cidade":"Cordeir\u00f3polis","uf":"SP"},{"idRua":2,"logradouro":"Rua Doutor Marrey J\u00fanior","idBairro":1,"bairro":"Centro","idCidade":2,"cidade":"Iracem\u00e1polis","uf":"SP"},{"idRua":7,"logradouro":"Rua Coronel Am\u00e2ncio Bueno","idBairro":1,"bairro":"Centro","idCidade":7,"cidade":"Leme","uf":"SP"},{"idRua":1,"logradouro":"Rua Boa Morte","idBairro":1,"bairro":"Centro","idCidade":1,"cidade":"Limeira","uf":"SP"},{"idRua":8,"logradouro":"Rua Dom Pedro Segundo","idBairro":1,"bairro":"Centro","idCidade":8,"cidade":"Pirassununga","uf":"SP"},{"idRua":9,"logradouro":"Rua Coronel Joaquim Pinto","idBairro":1,"bairro":"Centro","idCidade":9,"cidade":"Santa Cruz da Concei\u00e7\u00e3o","uf":"SP"}]
2026-01-08 10:20:44 - SQL Query:  SELECT er.id as idRua, er.logradouro, -- NOTE: er.numero, er.complemento, and er.cep were removed from this SELECT statement -- because they do not exist in the 'enderecoRuas' table and were causing SQL errors. -- These fields are typically associated with a specific address instance, not the street definition. eb.id as idBairro, eb.nomeBairro as bairro, ec.id as idCidade, ec.nomeCidade as cidade, ec.uf FROM enderecoRuas er JOIN enderecoBairros eb ON er.idBairro = eb.id JOIN enderecoCidades ec ON er.idCidade = ec.id WHERE (er.logradouro LIKE ? OR eb.nomeBairro LIKE ? OR ec.nomeCidade LIKE ? OR ec.uf LIKE ?) LIMIT 20 
2026-01-08 10:20:44 - Bound Params: ["%rua%","%rua%","%rua%","%rua%"]
2026-01-08 10:20:45 - Query successful. Found 8 addresses for term "rua".
2026-01-08 10:20:45 - Response Data: [{"idRua":5,"logradouro":"Rua Bar\u00e3o de Araras","idBairro":1,"bairro":"Centro","idCidade":5,"cidade":"Araras","uf":"SP"},{"idRua":6,"logradouro":"Rua Coronel Souza Franco","idBairro":1,"bairro":"Centro","idCidade":6,"cidade":"Conchal","uf":"SP"},{"idRua":3,"logradouro":"Rua Major Jo\u00e3o Rodrigues","idBairro":1,"bairro":"Centro","idCidade":3,"cidade":"Cordeir\u00f3polis","uf":"SP"},{"idRua":2,"logradouro":"Rua Doutor Marrey J\u00fanior","idBairro":1,"bairro":"Centro","idCidade":2,"cidade":"Iracem\u00e1polis","uf":"SP"},{"idRua":7,"logradouro":"Rua Coronel Am\u00e2ncio Bueno","idBairro":1,"bairro":"Centro","idCidade":7,"cidade":"Leme","uf":"SP"},{"idRua":1,"logradouro":"Rua Boa Morte","idBairro":1,"bairro":"Centro","idCidade":1,"cidade":"Limeira","uf":"SP"},{"idRua":8,"logradouro":"Rua Dom Pedro Segundo","idBairro":1,"bairro":"Centro","idCidade":8,"cidade":"Pirassununga","uf":"SP"},{"idRua":9,"logradouro":"Rua Coronel Joaquim Pinto","idBairro":1,"bairro":"Centro","idCidade":9,"cidade":"Santa Cruz da Concei\u00e7\u00e3o","uf":"SP"}]
2026-01-08 10:21:11 - SQL Query:  SELECT er.id as idRua, er.logradouro, -- NOTE: er.numero, er.complemento, and er.cep were removed from this SELECT statement -- because they do not exist in the 'enderecoRuas' table and were causing SQL errors. -- These fields are typically associated with a specific address instance, not the street definition. eb.id as idBairro, eb.nomeBairro as bairro, ec.id as idCidade, ec.nomeCidade as cidade, ec.uf FROM enderecoRuas er JOIN enderecoBairros eb ON er.idBairro = eb.id JOIN enderecoCidades ec ON er.idCidade = ec.id WHERE (er.logradouro LIKE ? OR eb.nomeBairro LIKE ? OR ec.nomeCidade LIKE ? OR ec.uf LIKE ?) LIMIT 20 
2026-01-08 10:21:11 - Bound Params: ["%coronel%","%coronel%","%coronel%","%coronel%"]
2026-01-08 10:21:12 - Query successful. Found 3 addresses for term "coronel".
2026-01-08 10:21:12 - Response Data: [{"idRua":6,"logradouro":"Rua Coronel Souza Franco","idBairro":1,"bairro":"Centro","idCidade":6,"cidade":"Conchal","uf":"SP"},{"idRua":7,"logradouro":"Rua Coronel Am\u00e2ncio Bueno","idBairro":1,"bairro":"Centro","idCidade":7,"cidade":"Leme","uf":"SP"},{"idRua":9,"logradouro":"Rua Coronel Joaquim Pinto","idBairro":1,"bairro":"Centro","idCidade":9,"cidade":"Santa Cruz da Concei\u00e7\u00e3o","uf":"SP"}]
2026-01-14 11:36:20 - SQL Query:  SELECT er.id as idRua, er.logradouro, -- NOTE: er.numero, er.complemento, and er.cep were removed from this SELECT statement -- because they do not exist in the 'enderecoRuas' table and were causing SQL errors. -- These fields are typically associated with a specific address instance, not the street definition. eb.id as idBairro, eb.nomeBairro as bairro, ec.id as idCidade, ec.nomeCidade as cidade, ec.uf FROM enderecoRuas er JOIN enderecoBairros eb ON er.idBairro = eb.id JOIN enderecoCidades ec ON er.idCidade = ec.id WHERE (er.logradouro LIKE ? OR eb.nomeBairro LIKE ? OR ec.nomeCidade LIKE ? OR ec.uf LIKE ?) LIMIT 20 
2026-01-14 11:36:20 - Bound Params: ["%major%","%major%","%major%","%major%"]
2026-01-14 11:36:21 - Query successful. Found 1 addresses for term "major".
2026-01-14 11:36:21 - Response Data: [{"idRua":3,"logradouro":"Rua Major Jo\u00e3o Rodrigues","idBairro":1,"bairro":"Centro","idCidade":3,"cidade":"Cordeir\u00f3polis","uf":"SP"}]
2026-01-14 11:36:29 - SQL Query:  SELECT er.id as idRua, er.logradouro, -- NOTE: er.numero, er.complemento, and er.cep were removed from this SELECT statement -- because they do not exist in the 'enderecoRuas' table and were causing SQL errors. -- These fields are typically associated with a specific address instance, not the street definition. eb.id as idBairro, eb.nomeBairro as bairro, ec.id as idCidade, ec.nomeCidade as cidade, ec.uf FROM enderecoRuas er JOIN enderecoBairros eb ON er.idBairro = eb.id JOIN enderecoCidades ec ON er.idCidade = ec.id WHERE (er.logradouro LIKE ? OR eb.nomeBairro LIKE ? OR ec.nomeCidade LIKE ? OR ec.uf LIKE ?) LIMIT 20 
2026-01-14 11:36:29 - Bound Params: ["%joao%","%joao%","%joao%","%joao%"]
2026-01-14 11:36:30 - Query successful. Found 1 addresses for term "joao".
2026-01-14 11:36:30 - Response Data: [{"idRua":3,"logradouro":"Rua Major Jo\u00e3o Rodrigues","idBairro":1,"bairro":"Centro","idCidade":3,"cidade":"Cordeir\u00f3polis","uf":"SP"}]
2026-01-14 11:36:50 - SQL Query:  SELECT er.id as idRua, er.logradouro, -- NOTE: er.numero, er.complemento, and er.cep were removed from this SELECT statement -- because they do not exist in the 'enderecoRuas' table and were causing SQL errors. -- These fields are typically associated with a specific address instance, not the street definition. eb.id as idBairro, eb.nomeBairro as bairro, ec.id as idCidade, ec.nomeCidade as cidade, ec.uf FROM enderecoRuas er JOIN enderecoBairros eb ON er.idBairro = eb.id JOIN enderecoCidades ec ON er.idCidade = ec.id WHERE (er.logradouro LIKE ? OR eb.nomeBairro LIKE ? OR ec.nomeCidade LIKE ? OR ec.uf LIKE ?) LIMIT 20 
2026-01-14 11:36:50 - Bound Params: ["%rua%","%rua%","%rua%","%rua%"]
2026-01-14 11:36:51 - Query successful. Found 8 addresses for term "rua".
2026-01-14 11:36:51 - Response Data: [{"idRua":5,"logradouro":"Rua Bar\u00e3o de Araras","idBairro":1,"bairro":"Centro","idCidade":5,"cidade":"Araras","uf":"SP"},{"idRua":6,"logradouro":"Rua Coronel Souza Franco","idBairro":1,"bairro":"Centro","idCidade":6,"cidade":"Conchal","uf":"SP"},{"idRua":3,"logradouro":"Rua Major Jo\u00e3o Rodrigues","idBairro":1,"bairro":"Centro","idCidade":3,"cidade":"Cordeir\u00f3polis","uf":"SP"},{"idRua":2,"logradouro":"Rua Doutor Marrey J\u00fanior","idBairro":1,"bairro":"Centro","idCidade":2,"cidade":"Iracem\u00e1polis","uf":"SP"},{"idRua":7,"logradouro":"Rua Coronel Am\u00e2ncio Bueno","idBairro":1,"bairro":"Centro","idCidade":7,"cidade":"Leme","uf":"SP"},{"idRua":1,"logradouro":"Rua Boa Morte","idBairro":1,"bairro":"Centro","idCidade":1,"cidade":"Limeira","uf":"SP"},{"idRua":8,"logradouro":"Rua Dom Pedro Segundo","idBairro":1,"bairro":"Centro","idCidade":8,"cidade":"Pirassununga","uf":"SP"},{"idRua":9,"logradouro":"Rua Coronel Joaquim Pinto","idBairro":1,"bairro":"Centro","idCidade":9,"cidade":"Santa Cruz da Concei\u00e7\u00e3o","uf":"SP"}]
2026-01-14 11:37:06 - SQL Query:  SELECT er.id as idRua, er.logradouro, -- NOTE: er.numero, er.complemento, and er.cep were removed from this SELECT statement -- because they do not exist in the 'enderecoRuas' table and were causing SQL errors. -- These fields are typically associated with a specific address instance, not the street definition. eb.id as idBairro, eb.nomeBairro as bairro, ec.id as idCidade, ec.nomeCidade as cidade, ec.uf FROM enderecoRuas er JOIN enderecoBairros eb ON er.idBairro = eb.id JOIN enderecoCidades ec ON er.idCidade = ec.id WHERE (er.logradouro LIKE ? OR eb.nomeBairro LIKE ? OR ec.nomeCidade LIKE ? OR ec.uf LIKE ?) LIMIT 20 
2026-01-14 11:37:06 - Bound Params: ["%doutor%","%doutor%","%doutor%","%doutor%"]
2026-01-14 11:37:07 - Query successful. Found 1 addresses for term "doutor".
2026-01-14 11:37:07 - Response Data: [{"idRua":2,"logradouro":"Rua Doutor Marrey J\u00fanior","idBairro":1,"bairro":"Centro","idCidade":2,"cidade":"Iracem\u00e1polis","uf":"SP"}]
2026-01-14 11:46:03 - SQL Query:  SELECT er.id as idRua, er.logradouro, -- NOTE: er.numero, er.complemento, and er.cep were removed from this SELECT statement -- because they do not exist in the 'enderecoRuas' table and were causing SQL errors. -- These fields are typically associated with a specific address instance, not the street definition. eb.id as idBairro, eb.nomeBairro as bairro, ec.id as idCidade, ec.nomeCidade as cidade, ec.uf FROM enderecoRuas er JOIN enderecoBairros eb ON er.idBairro = eb.id JOIN enderecoCidades ec ON er.idCidade = ec.id WHERE (er.logradouro LIKE ? OR eb.nomeBairro LIKE ? OR ec.nomeCidade LIKE ? OR ec.uf LIKE ?) LIMIT 20 
2026-01-14 11:46:03 - Bound Params: ["%joao%","%joao%","%joao%","%joao%"]
2026-01-14 11:46:03 - Query successful. Found 1 addresses for term "joao".
2026-01-14 11:46:03 - Response Data: [{"idRua":3,"logradouro":"Rua Major Jo\u00e3o Rodrigues","idBairro":1,"bairro":"Centro","idCidade":3,"cidade":"Cordeir\u00f3polis","uf":"SP"}]
2026-01-14 11:47:58 - SQL Query:  SELECT er.id as idRua, er.logradouro, -- NOTE: er.numero, er.complemento, and er.cep were removed from this SELECT statement -- because they do not exist in the 'enderecoRuas' table and were causing SQL errors. -- These fields are typically associated with a specific address instance, not the street definition. eb.id as idBairro, eb.nomeBairro as bairro, ec.id as idCidade, ec.nomeCidade as cidade, ec.uf FROM enderecoRuas er JOIN enderecoBairros eb ON er.idBairro = eb.id JOIN enderecoCidades ec ON er.idCidade = ec.id WHERE (er.logradouro LIKE ? OR eb.nomeBairro LIKE ? OR ec.nomeCidade LIKE ? OR ec.uf LIKE ?) LIMIT 20 
2026-01-14 11:47:58 - Bound Params: ["%joao%","%joao%","%joao%","%joao%"]
2026-01-14 11:47:58 - Query successful. Found 1 addresses for term "joao".
2026-01-14 11:47:58 - Response Data: [{"idRua":3,"logradouro":"Rua Major Jo\u00e3o Rodrigues","idBairro":1,"bairro":"Centro","idCidade":3,"cidade":"Cordeir\u00f3polis","uf":"SP"}]
2026-01-14 12:11:02 - SQL Query:  SELECT er.id as idRua, er.logradouro, -- NOTE: er.numero, er.complemento, and er.cep were removed from this SELECT statement -- because they do not exist in the 'enderecoRuas' table and were causing SQL errors. -- These fields are typically associated with a specific address instance, not the street definition. eb.id as idBairro, eb.nomeBairro as bairro, ec.id as idCidade, ec.nomeCidade as cidade, ec.uf FROM enderecoRuas er JOIN enderecoBairros eb ON er.idBairro = eb.id JOIN enderecoCidades ec ON er.idCidade = ec.id WHERE (er.logradouro LIKE ? OR eb.nomeBairro LIKE ? OR ec.nomeCidade LIKE ? OR ec.uf LIKE ?) LIMIT 20 
2026-01-14 12:11:02 - Bound Params: ["%joao%","%joao%","%joao%","%joao%"]
2026-01-14 12:11:03 - Query successful. Found 1 addresses for term "joao".
2026-01-14 12:11:03 - Response Data: [{"idRua":3,"logradouro":"Rua Major Jo\u00e3o Rodrigues","idBairro":1,"bairro":"Centro","idCidade":3,"cidade":"Cordeir\u00f3polis","uf":"SP"}]
2026-01-14 12:16:07 - SQL Query:  SELECT er.id as idRua, er.logradouro, -- NOTE: er.numero, er.complemento, and er.cep were removed from this SELECT statement -- because they do not exist in the 'enderecoRuas' table and were causing SQL errors. -- These fields are typically associated with a specific address instance, not the street definition. eb.id as idBairro, eb.nomeBairro as bairro, ec.id as idCidade, ec.nomeCidade as cidade, ec.uf FROM enderecoRuas er JOIN enderecoBairros eb ON er.idBairro = eb.id JOIN enderecoCidades ec ON er.idCidade = ec.id WHERE (er.logradouro LIKE ? OR eb.nomeBairro LIKE ? OR ec.nomeCidade LIKE ? OR ec.uf LIKE ?) LIMIT 20 
2026-01-14 12:16:07 - Bound Params: ["%joao%","%joao%","%joao%","%joao%"]
2026-01-14 12:16:07 - Query successful. Found 1 addresses for term "joao".
2026-01-14 12:16:07 - Response Data: [{"idRua":3,"logradouro":"Rua Major Jo\u00e3o Rodrigues","idBairro":1,"bairro":"Centro","idCidade":3,"cidade":"Cordeir\u00f3polis","uf":"SP"}]
2026-01-14 12:17:52 - SQL Query:  SELECT er.id as idRua, er.logradouro, -- NOTE: er.numero, er.complemento, and er.cep were removed from this SELECT statement -- because they do not exist in the 'enderecoRuas' table and were causing SQL errors. -- These fields are typically associated with a specific address instance, not the street definition. eb.id as idBairro, eb.nomeBairro as bairro, ec.id as idCidade, ec.nomeCidade as cidade, ec.uf FROM enderecoRuas er JOIN enderecoBairros eb ON er.idBairro = eb.id JOIN enderecoCidades ec ON er.idCidade = ec.id WHERE (er.logradouro LIKE ? OR eb.nomeBairro LIKE ? OR ec.nomeCidade LIKE ? OR ec.uf LIKE ?) LIMIT 20 
2026-01-14 12:17:52 - Bound Params: ["%joao%","%joao%","%joao%","%joao%"]
2026-01-14 12:17:53 - Query successful. Found 1 addresses for term "joao".
2026-01-14 12:17:53 - Response Data: [{"idRua":3,"logradouro":"Rua Major Jo\u00e3o Rodrigues","idBairro":1,"bairro":"Centro","idCidade":3,"cidade":"Cordeir\u00f3polis","uf":"SP"}]
2026-01-14 12:28:36 - SQL Query:  SELECT er.id as idRua, er.logradouro, -- NOTE: er.numero, er.complemento, and er.cep were removed from this SELECT statement -- because they do not exist in the 'enderecoRuas' table and were causing SQL errors. -- These fields are typically associated with a specific address instance, not the street definition. eb.id as idBairro, eb.nomeBairro as bairro, ec.id as idCidade, ec.nomeCidade as cidade, ec.uf FROM enderecoRuas er JOIN enderecoBairros eb ON er.idBairro = eb.id JOIN enderecoCidades ec ON er.idCidade = ec.id WHERE (er.logradouro LIKE ? OR eb.nomeBairro LIKE ? OR ec.nomeCidade LIKE ? OR ec.uf LIKE ?) LIMIT 20 
2026-01-14 12:28:36 - Bound Params: ["%joao%","%joao%","%joao%","%joao%"]
2026-01-14 12:28:36 - Query successful. Found 1 addresses for term "joao".
2026-01-14 12:28:36 - Response Data: [{"idRua":3,"logradouro":"Rua Major Jo\u00e3o Rodrigues","idBairro":1,"bairro":"Centro","idCidade":3,"cidade":"Cordeir\u00f3polis","uf":"SP"}]
2026-01-14 12:34:30 - SQL Query:  SELECT er.id as idRua, er.logradouro, -- NOTE: er.numero, er.complemento, and er.cep were removed from this SELECT statement -- because they do not exist in the 'enderecoRuas' table and were causing SQL errors. -- These fields are typically associated with a specific address instance, not the street definition. eb.id as idBairro, eb.nomeBairro as bairro, ec.id as idCidade, ec.nomeCidade as cidade, ec.uf FROM enderecoRuas er JOIN enderecoBairros eb ON er.idBairro = eb.id JOIN enderecoCidades ec ON er.idCidade = ec.id WHERE (er.logradouro LIKE ? OR eb.nomeBairro LIKE ? OR ec.nomeCidade LIKE ? OR ec.uf LIKE ?) LIMIT 20 
2026-01-14 12:34:30 - Bound Params: ["%joa%","%joa%","%joa%","%joa%"]
2026-01-14 12:34:31 - Query successful. Found 2 addresses for term "joa".
2026-01-14 12:34:31 - Response Data: [{"idRua":3,"logradouro":"Rua Major Jo\u00e3o Rodrigues","idBairro":1,"bairro":"Centro","idCidade":3,"cidade":"Cordeir\u00f3polis","uf":"SP"},{"idRua":9,"logradouro":"Rua Coronel Joaquim Pinto","idBairro":1,"bairro":"Centro","idCidade":9,"cidade":"Santa Cruz da Concei\u00e7\u00e3o","uf":"SP"}]
2026-01-14 12:38:19 - SQL Query:  SELECT er.id as idRua, er.logradouro, -- NOTE: er.numero, er.complemento, and er.cep were removed from this SELECT statement -- because they do not exist in the 'enderecoRuas' table and were causing SQL errors. -- These fields are typically associated with a specific address instance, not the street definition. eb.id as idBairro, eb.nomeBairro as bairro, ec.id as idCidade, ec.nomeCidade as cidade, ec.uf FROM enderecoRuas er JOIN enderecoBairros eb ON er.idBairro = eb.id JOIN enderecoCidades ec ON er.idCidade = ec.id WHERE (er.logradouro LIKE ? OR eb.nomeBairro LIKE ? OR ec.nomeCidade LIKE ? OR ec.uf LIKE ?) LIMIT 20 
2026-01-14 12:38:19 - Bound Params: ["%majr%","%majr%","%majr%","%majr%"]
2026-01-14 12:38:20 - Query successful. Found 0 addresses for term "majr".
2026-01-14 12:38:20 - Response Data: []
2026-01-14 12:38:21 - SQL Query:  SELECT er.id as idRua, er.logradouro, -- NOTE: er.numero, er.complemento, and er.cep were removed from this SELECT statement -- because they do not exist in the 'enderecoRuas' table and were causing SQL errors. -- These fields are typically associated with a specific address instance, not the street definition. eb.id as idBairro, eb.nomeBairro as bairro, ec.id as idCidade, ec.nomeCidade as cidade, ec.uf FROM enderecoRuas er JOIN enderecoBairros eb ON er.idBairro = eb.id JOIN enderecoCidades ec ON er.idCidade = ec.id WHERE (er.logradouro LIKE ? OR eb.nomeBairro LIKE ? OR ec.nomeCidade LIKE ? OR ec.uf LIKE ?) LIMIT 20 
2026-01-14 12:38:21 - Bound Params: ["%maj%","%maj%","%maj%","%maj%"]
2026-01-14 12:38:21 - Query successful. Found 1 addresses for term "maj".
2026-01-14 12:38:21 - Response Data: [{"idRua":3,"logradouro":"Rua Major Jo\u00e3o Rodrigues","idBairro":1,"bairro":"Centro","idCidade":3,"cidade":"Cordeir\u00f3polis","uf":"SP"}]
2026-01-14 12:38:22 - SQL Query:  SELECT er.id as idRua, er.logradouro, -- NOTE: er.numero, er.complemento, and er.cep were removed from this SELECT statement -- because they do not exist in the 'enderecoRuas' table and were causing SQL errors. -- These fields are typically associated with a specific address instance, not the street definition. eb.id as idBairro, eb.nomeBairro as bairro, ec.id as idCidade, ec.nomeCidade as cidade, ec.uf FROM enderecoRuas er JOIN enderecoBairros eb ON er.idBairro = eb.id JOIN enderecoCidades ec ON er.idCidade = ec.id WHERE (er.logradouro LIKE ? OR eb.nomeBairro LIKE ? OR ec.nomeCidade LIKE ? OR ec.uf LIKE ?) LIMIT 20 
2026-01-14 12:38:22 - Bound Params: ["%major%","%major%","%major%","%major%"]
2026-01-14 12:38:22 - Query successful. Found 1 addresses for term "major".
2026-01-14 12:38:22 - Response Data: [{"idRua":3,"logradouro":"Rua Major Jo\u00e3o Rodrigues","idBairro":1,"bairro":"Centro","idCidade":3,"cidade":"Cordeir\u00f3polis","uf":"SP"}]
2026-01-14 12:39:27 - SQL Query:  SELECT er.id as idRua, er.logradouro, -- NOTE: er.numero, er.complemento, and er.cep were removed from this SELECT statement -- because they do not exist in the 'enderecoRuas' table and were causing SQL errors. -- These fields are typically associated with a specific address instance, not the street definition. eb.id as idBairro, eb.nomeBairro as bairro, ec.id as idCidade, ec.nomeCidade as cidade, ec.uf FROM enderecoRuas er JOIN enderecoBairros eb ON er.idBairro = eb.id JOIN enderecoCidades ec ON er.idCidade = ec.id WHERE (er.logradouro LIKE ? OR eb.nomeBairro LIKE ? OR ec.nomeCidade LIKE ? OR ec.uf LIKE ?) LIMIT 20 
2026-01-14 12:39:27 - Bound Params: ["%joao%","%joao%","%joao%","%joao%"]
2026-01-14 12:39:28 - Query successful. Found 1 addresses for term "joao".
2026-01-14 12:39:28 - Response Data: [{"idRua":3,"logradouro":"Rua Major Jo\u00e3o Rodrigues","idBairro":1,"bairro":"Centro","idCidade":3,"cidade":"Cordeir\u00f3polis","uf":"SP"}]
2026-01-14 12:42:56 - SQL Query:  SELECT er.id as idRua, er.logradouro, -- NOTE: er.numero, er.complemento, and er.cep were removed from this SELECT statement -- because they do not exist in the 'enderecoRuas' table and were causing SQL errors. -- These fields are typically associated with a specific address instance, not the street definition. eb.id as idBairro, eb.nomeBairro as bairro, ec.id as idCidade, ec.nomeCidade as cidade, ec.uf FROM enderecoRuas er JOIN enderecoBairros eb ON er.idBairro = eb.id JOIN enderecoCidades ec ON er.idCidade = ec.id WHERE (er.logradouro LIKE ? OR eb.nomeBairro LIKE ? OR ec.nomeCidade LIKE ? OR ec.uf LIKE ?) LIMIT 20 
2026-01-14 12:42:56 - Bound Params: ["%joao%","%joao%","%joao%","%joao%"]
2026-01-14 12:42:56 - Query successful. Found 1 addresses for term "joao".
2026-01-14 12:42:56 - Response Data: [{"idRua":3,"logradouro":"Rua Major Jo\u00e3o Rodrigues","idBairro":1,"bairro":"Centro","idCidade":3,"cidade":"Cordeir\u00f3polis","uf":"SP"}]
2026-01-14 12:44:25 - SQL Query:  SELECT er.id as idRua, er.logradouro, -- NOTE: er.numero, er.complemento, and er.cep were removed from this SELECT statement -- because they do not exist in the 'enderecoRuas' table and were causing SQL errors. -- These fields are typically associated with a specific address instance, not the street definition. eb.id as idBairro, eb.nomeBairro as bairro, ec.id as idCidade, ec.nomeCidade as cidade, ec.uf FROM enderecoRuas er JOIN enderecoBairros eb ON er.idBairro = eb.id JOIN enderecoCidades ec ON er.idCidade = ec.id WHERE (er.logradouro LIKE ? OR eb.nomeBairro LIKE ? OR ec.nomeCidade LIKE ? OR ec.uf LIKE ?) LIMIT 20 
2026-01-14 12:44:25 - Bound Params: ["%coronel%","%coronel%","%coronel%","%coronel%"]
2026-01-14 12:44:25 - Query successful. Found 3 addresses for term "coronel".
2026-01-14 12:44:25 - Response Data: [{"idRua":6,"logradouro":"Rua Coronel Souza Franco","idBairro":1,"bairro":"Centro","idCidade":6,"cidade":"Conchal","uf":"SP"},{"idRua":7,"logradouro":"Rua Coronel Am\u00e2ncio Bueno","idBairro":1,"bairro":"Centro","idCidade":7,"cidade":"Leme","uf":"SP"},{"idRua":9,"logradouro":"Rua Coronel Joaquim Pinto","idBairro":1,"bairro":"Centro","idCidade":9,"cidade":"Santa Cruz da Concei\u00e7\u00e3o","uf":"SP"}]
2026-01-14 12:50:50 - SQL Query:  SELECT er.id as idRua, er.logradouro, -- NOTE: er.numero, er.complemento, and er.cep were removed from this SELECT statement -- because they do not exist in the 'enderecoRuas' table and were causing SQL errors. -- These fields are typically associated with a specific address instance, not the street definition. eb.id as idBairro, eb.nomeBairro as bairro, ec.id as idCidade, ec.nomeCidade as cidade, ec.uf FROM enderecoRuas er JOIN enderecoBairros eb ON er.idBairro = eb.id JOIN enderecoCidades ec ON er.idCidade = ec.id WHERE (er.logradouro LIKE ? OR eb.nomeBairro LIKE ? OR ec.nomeCidade LIKE ? OR ec.uf LIKE ?) LIMIT 20 
2026-01-14 12:50:50 - Bound Params: ["%coronel%","%coronel%","%coronel%","%coronel%"]
2026-01-14 12:50:50 - Query successful. Found 3 addresses for term "coronel".
2026-01-14 12:50:50 - Response Data: [{"idRua":6,"logradouro":"Rua Coronel Souza Franco","idBairro":1,"bairro":"Centro","idCidade":6,"cidade":"Conchal","uf":"SP"},{"idRua":7,"logradouro":"Rua Coronel Am\u00e2ncio Bueno","idBairro":1,"bairro":"Centro","idCidade":7,"cidade":"Leme","uf":"SP"},{"idRua":9,"logradouro":"Rua Coronel Joaquim Pinto","idBairro":1,"bairro":"Centro","idCidade":9,"cidade":"Santa Cruz da Concei\u00e7\u00e3o","uf":"SP"}]
2026-01-14 12:51:38 - SQL Query:  SELECT er.id as idRua, er.logradouro, -- NOTE: er.numero, er.complemento, and er.cep were removed from this SELECT statement -- because they do not exist in the 'enderecoRuas' table and were causing SQL errors. -- These fields are typically associated with a specific address instance, not the street definition. eb.id as idBairro, eb.nomeBairro as bairro, ec.id as idCidade, ec.nomeCidade as cidade, ec.uf FROM enderecoRuas er JOIN enderecoBairros eb ON er.idBairro = eb.id JOIN enderecoCidades ec ON er.idCidade = ec.id WHERE (er.logradouro LIKE ? OR eb.nomeBairro LIKE ? OR ec.nomeCidade LIKE ? OR ec.uf LIKE ?) LIMIT 20 
2026-01-14 12:51:38 - Bound Params: ["%coro%","%coro%","%coro%","%coro%"]
2026-01-14 12:51:38 - Query successful. Found 3 addresses for term "coro".
2026-01-14 12:51:38 - Response Data: [{"idRua":6,"logradouro":"Rua Coronel Souza Franco","idBairro":1,"bairro":"Centro","idCidade":6,"cidade":"Conchal","uf":"SP"},{"idRua":7,"logradouro":"Rua Coronel Am\u00e2ncio Bueno","idBairro":1,"bairro":"Centro","idCidade":7,"cidade":"Leme","uf":"SP"},{"idRua":9,"logradouro":"Rua Coronel Joaquim Pinto","idBairro":1,"bairro":"Centro","idCidade":9,"cidade":"Santa Cruz da Concei\u00e7\u00e3o","uf":"SP"}]
2026-01-14 12:51:38 - SQL Query:  SELECT er.id as idRua, er.logradouro, -- NOTE: er.numero, er.complemento, and er.cep were removed from this SELECT statement -- because they do not exist in the 'enderecoRuas' table and were causing SQL errors. -- These fields are typically associated with a specific address instance, not the street definition. eb.id as idBairro, eb.nomeBairro as bairro, ec.id as idCidade, ec.nomeCidade as cidade, ec.uf FROM enderecoRuas er JOIN enderecoBairros eb ON er.idBairro = eb.id JOIN enderecoCidades ec ON er.idCidade = ec.id WHERE (er.logradouro LIKE ? OR eb.nomeBairro LIKE ? OR ec.nomeCidade LIKE ? OR ec.uf LIKE ?) LIMIT 20 
2026-01-14 12:51:38 - Bound Params: ["%corone%","%corone%","%corone%","%corone%"]
2026-01-14 12:51:38 - Query successful. Found 3 addresses for term "corone".
2026-01-14 12:51:39 - Response Data: [{"idRua":6,"logradouro":"Rua Coronel Souza Franco","idBairro":1,"bairro":"Centro","idCidade":6,"cidade":"Conchal","uf":"SP"},{"idRua":7,"logradouro":"Rua Coronel Am\u00e2ncio Bueno","idBairro":1,"bairro":"Centro","idCidade":7,"cidade":"Leme","uf":"SP"},{"idRua":9,"logradouro":"Rua Coronel Joaquim Pinto","idBairro":1,"bairro":"Centro","idCidade":9,"cidade":"Santa Cruz da Concei\u00e7\u00e3o","uf":"SP"}]
2026-01-14 12:53:18 - SQL Query:  SELECT er.id as idRua, er.logradouro, -- NOTE: er.numero, er.complemento, and er.cep were removed from this SELECT statement -- because they do not exist in the 'enderecoRuas' table and were causing SQL errors. -- These fields are typically associated with a specific address instance, not the street definition. eb.id as idBairro, eb.nomeBairro as bairro, ec.id as idCidade, ec.nomeCidade as cidade, ec.uf FROM enderecoRuas er JOIN enderecoBairros eb ON er.idBairro = eb.id JOIN enderecoCidades ec ON er.idCidade = ec.id WHERE (er.logradouro LIKE ? OR eb.nomeBairro LIKE ? OR ec.nomeCidade LIKE ? OR ec.uf LIKE ?) LIMIT 20 
2026-01-14 12:53:18 - Bound Params: ["%coronel%","%coronel%","%coronel%","%coronel%"]
2026-01-14 12:53:19 - Query successful. Found 3 addresses for term "coronel".
2026-01-14 12:53:19 - Response Data: [{"idRua":6,"logradouro":"Rua Coronel Souza Franco","idBairro":1,"bairro":"Centro","idCidade":6,"cidade":"Conchal","uf":"SP"},{"idRua":7,"logradouro":"Rua Coronel Am\u00e2ncio Bueno","idBairro":1,"bairro":"Centro","idCidade":7,"cidade":"Leme","uf":"SP"},{"idRua":9,"logradouro":"Rua Coronel Joaquim Pinto","idBairro":1,"bairro":"Centro","idCidade":9,"cidade":"Santa Cruz da Concei\u00e7\u00e3o","uf":"SP"}]
2026-01-14 12:56:05 - SQL Query:  SELECT er.id as idRua, er.logradouro, -- NOTE: er.numero, er.complemento, and er.cep were removed from this SELECT statement -- because they do not exist in the 'enderecoRuas' table and were causing SQL errors. -- These fields are typically associated with a specific address instance, not the street definition. eb.id as idBairro, eb.nomeBairro as bairro, ec.id as idCidade, ec.nomeCidade as cidade, ec.uf FROM enderecoRuas er JOIN enderecoBairros eb ON er.idBairro = eb.id JOIN enderecoCidades ec ON er.idCidade = ec.id WHERE (er.logradouro LIKE ? OR eb.nomeBairro LIKE ? OR ec.nomeCidade LIKE ? OR ec.uf LIKE ?) LIMIT 20 
2026-01-14 12:56:05 - Bound Params: ["%coronel%","%coronel%","%coronel%","%coronel%"]
2026-01-14 12:56:05 - Query successful. Found 3 addresses for term "coronel".
2026-01-14 12:56:05 - Response Data: [{"idRua":6,"logradouro":"Rua Coronel Souza Franco","idBairro":1,"bairro":"Centro","idCidade":6,"cidade":"Conchal","uf":"SP"},{"idRua":7,"logradouro":"Rua Coronel Am\u00e2ncio Bueno","idBairro":1,"bairro":"Centro","idCidade":7,"cidade":"Leme","uf":"SP"},{"idRua":9,"logradouro":"Rua Coronel Joaquim Pinto","idBairro":1,"bairro":"Centro","idCidade":9,"cidade":"Santa Cruz da Concei\u00e7\u00e3o","uf":"SP"}]
2026-01-14 12:58:28 - SQL Query:  SELECT er.id as idRua, er.logradouro, -- NOTE: er.numero, er.complemento, and er.cep were removed from this SELECT statement -- because they do not exist in the 'enderecoRuas' table and were causing SQL errors. -- These fields are typically associated with a specific address instance, not the street definition. eb.id as idBairro, eb.nomeBairro as bairro, ec.id as idCidade, ec.nomeCidade as cidade, ec.uf FROM enderecoRuas er JOIN enderecoBairros eb ON er.idBairro = eb.id JOIN enderecoCidades ec ON er.idCidade = ec.id WHERE (er.logradouro LIKE ? OR eb.nomeBairro LIKE ? OR ec.nomeCidade LIKE ? OR ec.uf LIKE ?) LIMIT 20 
2026-01-14 12:58:28 - Bound Params: ["%coronel%","%coronel%","%coronel%","%coronel%"]
2026-01-14 12:58:28 - Query successful. Found 3 addresses for term "coronel".
2026-01-14 12:58:28 - Response Data: [{"idRua":6,"logradouro":"Rua Coronel Souza Franco","idBairro":1,"bairro":"Centro","idCidade":6,"cidade":"Conchal","uf":"SP"},{"idRua":7,"logradouro":"Rua Coronel Am\u00e2ncio Bueno","idBairro":1,"bairro":"Centro","idCidade":7,"cidade":"Leme","uf":"SP"},{"idRua":9,"logradouro":"Rua Coronel Joaquim Pinto","idBairro":1,"bairro":"Centro","idCidade":9,"cidade":"Santa Cruz da Concei\u00e7\u00e3o","uf":"SP"}]
2026-01-14 12:58:54 - SQL Query:  SELECT er.id as idRua, er.logradouro, -- NOTE: er.numero, er.complemento, and er.cep were removed from this SELECT statement -- because they do not exist in the 'enderecoRuas' table and were causing SQL errors. -- These fields are typically associated with a specific address instance, not the street definition. eb.id as idBairro, eb.nomeBairro as bairro, ec.id as idCidade, ec.nomeCidade as cidade, ec.uf FROM enderecoRuas er JOIN enderecoBairros eb ON er.idBairro = eb.id JOIN enderecoCidades ec ON er.idCidade = ec.id WHERE (er.logradouro LIKE ? OR eb.nomeBairro LIKE ? OR ec.nomeCidade LIKE ? OR ec.uf LIKE ?) LIMIT 20 
2026-01-14 12:58:54 - Bound Params: ["%coronel%","%coronel%","%coronel%","%coronel%"]
2026-01-14 12:58:55 - Query successful. Found 3 addresses for term "coronel".
2026-01-14 12:58:55 - Response Data: [{"idRua":6,"logradouro":"Rua Coronel Souza Franco","idBairro":1,"bairro":"Centro","idCidade":6,"cidade":"Conchal","uf":"SP"},{"idRua":7,"logradouro":"Rua Coronel Am\u00e2ncio Bueno","idBairro":1,"bairro":"Centro","idCidade":7,"cidade":"Leme","uf":"SP"},{"idRua":9,"logradouro":"Rua Coronel Joaquim Pinto","idBairro":1,"bairro":"Centro","idCidade":9,"cidade":"Santa Cruz da Concei\u00e7\u00e3o","uf":"SP"}]
2026-01-14 13:04:47 - SQL Query:  SELECT er.id as idRua, er.logradouro, -- NOTE: er.numero, er.complemento, and er.cep were removed from this SELECT statement -- because they do not exist in the 'enderecoRuas' table and were causing SQL errors. -- These fields are typically associated with a specific address instance, not the street definition. eb.id as idBairro, eb.nomeBairro as bairro, ec.id as idCidade, ec.nomeCidade as cidade, ec.uf FROM enderecoRuas er JOIN enderecoBairros eb ON er.idBairro = eb.id JOIN enderecoCidades ec ON er.idCidade = ec.id WHERE (er.logradouro LIKE ? OR eb.nomeBairro LIKE ? OR ec.nomeCidade LIKE ? OR ec.uf LIKE ?) LIMIT 20 
2026-01-14 13:04:47 - Bound Params: ["%coronel%","%coronel%","%coronel%","%coronel%"]
2026-01-14 13:04:47 - Query successful. Found 3 addresses for term "coronel".
2026-01-14 13:04:47 - Response Data: [{"idRua":6,"logradouro":"Rua Coronel Souza Franco","idBairro":1,"bairro":"Centro","idCidade":6,"cidade":"Conchal","uf":"SP"},{"idRua":7,"logradouro":"Rua Coronel Am\u00e2ncio Bueno","idBairro":1,"bairro":"Centro","idCidade":7,"cidade":"Leme","uf":"SP"},{"idRua":9,"logradouro":"Rua Coronel Joaquim Pinto","idBairro":1,"bairro":"Centro","idCidade":9,"cidade":"Santa Cruz da Concei\u00e7\u00e3o","uf":"SP"}]
2026-01-14 13:15:55 - SQL Query:  SELECT er.id as idRua, er.logradouro, -- NOTE: er.numero, er.complemento, and er.cep were removed from this SELECT statement -- because they do not exist in the 'enderecoRuas' table and were causing SQL errors. -- These fields are typically associated with a specific address instance, not the street definition. eb.id as idBairro, eb.nomeBairro as bairro, ec.id as idCidade, ec.nomeCidade as cidade, ec.uf FROM enderecoRuas er JOIN enderecoBairros eb ON er.idBairro = eb.id JOIN enderecoCidades ec ON er.idCidade = ec.id WHERE (er.logradouro LIKE ? OR eb.nomeBairro LIKE ? OR ec.nomeCidade LIKE ? OR ec.uf LIKE ?) LIMIT 20 
2026-01-14 13:15:55 - Bound Params: ["%major%","%major%","%major%","%major%"]
2026-01-14 13:15:56 - Query successful. Found 1 addresses for term "major".
2026-01-14 13:15:56 - Response Data: [{"idRua":3,"logradouro":"Rua Major Jo\u00e3o Rodrigues","idBairro":1,"bairro":"Centro","idCidade":3,"cidade":"Cordeir\u00f3polis","uf":"SP"}]
2026-01-14 13:16:04 - SQL Query:  SELECT er.id as idRua, er.logradouro, -- NOTE: er.numero, er.complemento, and er.cep were removed from this SELECT statement -- because they do not exist in the 'enderecoRuas' table and were causing SQL errors. -- These fields are typically associated with a specific address instance, not the street definition. eb.id as idBairro, eb.nomeBairro as bairro, ec.id as idCidade, ec.nomeCidade as cidade, ec.uf FROM enderecoRuas er JOIN enderecoBairros eb ON er.idBairro = eb.id JOIN enderecoCidades ec ON er.idCidade = ec.id WHERE (er.logradouro LIKE ? OR eb.nomeBairro LIKE ? OR ec.nomeCidade LIKE ? OR ec.uf LIKE ?) LIMIT 20 
2026-01-14 13:16:04 - Bound Params: ["%coronel%","%coronel%","%coronel%","%coronel%"]
2026-01-14 13:16:05 - Query successful. Found 3 addresses for term "coronel".
2026-01-14 13:16:05 - Response Data: [{"idRua":6,"logradouro":"Rua Coronel Souza Franco","idBairro":1,"bairro":"Centro","idCidade":6,"cidade":"Conchal","uf":"SP"},{"idRua":7,"logradouro":"Rua Coronel Am\u00e2ncio Bueno","idBairro":1,"bairro":"Centro","idCidade":7,"cidade":"Leme","uf":"SP"},{"idRua":9,"logradouro":"Rua Coronel Joaquim Pinto","idBairro":1,"bairro":"Centro","idCidade":9,"cidade":"Santa Cruz da Concei\u00e7\u00e3o","uf":"SP"}]
2026-01-14 13:27:16 - SQL Query:  SELECT er.id as idRua, er.logradouro, -- NOTE: er.numero, er.complemento, and er.cep were removed from this SELECT statement -- because they do not exist in the 'enderecoRuas' table and were causing SQL errors. -- These fields are typically associated with a specific address instance, not the street definition. eb.id as idBairro, eb.nomeBairro as bairro, ec.id as idCidade, ec.nomeCidade as cidade, ec.uf FROM enderecoRuas er JOIN enderecoBairros eb ON er.idBairro = eb.id JOIN enderecoCidades ec ON er.idCidade = ec.id WHERE (er.logradouro LIKE ? OR eb.nomeBairro LIKE ? OR ec.nomeCidade LIKE ? OR ec.uf LIKE ?) LIMIT 20 
2026-01-14 13:27:16 - Bound Params: ["%joao%","%joao%","%joao%","%joao%"]
2026-01-14 13:27:16 - Query successful. Found 1 addresses for term "joao".
2026-01-14 13:27:16 - Response Data: [{"idRua":3,"logradouro":"Rua Major Jo\u00e3o Rodrigues","idBairro":1,"bairro":"Centro","idCidade":3,"cidade":"Cordeir\u00f3polis","uf":"SP"}]
2026-01-14 13:27:27 - SQL Query:  SELECT er.id as idRua, er.logradouro, -- NOTE: er.numero, er.complemento, and er.cep were removed from this SELECT statement -- because they do not exist in the 'enderecoRuas' table and were causing SQL errors. -- These fields are typically associated with a specific address instance, not the street definition. eb.id as idBairro, eb.nomeBairro as bairro, ec.id as idCidade, ec.nomeCidade as cidade, ec.uf FROM enderecoRuas er JOIN enderecoBairros eb ON er.idBairro = eb.id JOIN enderecoCidades ec ON er.idCidade = ec.id WHERE (er.logradouro LIKE ? OR eb.nomeBairro LIKE ? OR ec.nomeCidade LIKE ? OR ec.uf LIKE ?) LIMIT 20 
2026-01-14 13:27:27 - Bound Params: ["%coronel%","%coronel%","%coronel%","%coronel%"]
2026-01-14 13:27:27 - Query successful. Found 3 addresses for term "coronel".
2026-01-14 13:27:27 - Response Data: [{"idRua":6,"logradouro":"Rua Coronel Souza Franco","idBairro":1,"bairro":"Centro","idCidade":6,"cidade":"Conchal","uf":"SP"},{"idRua":7,"logradouro":"Rua Coronel Am\u00e2ncio Bueno","idBairro":1,"bairro":"Centro","idCidade":7,"cidade":"Leme","uf":"SP"},{"idRua":9,"logradouro":"Rua Coronel Joaquim Pinto","idBairro":1,"bairro":"Centro","idCidade":9,"cidade":"Santa Cruz da Concei\u00e7\u00e3o","uf":"SP"}]
